../drivers/fsl_dma.c:98:17:DMA_GetInstance	0	static
../drivers/fsl_dma.c:138:6:DMA_Init	16	static
../drivers/fsl_dma.c:167:6:DMA_Deinit	8	static
../drivers/fsl_dma.c:184:6:DMA_ConfigureChannelTrigger	8	static
../drivers/fsl_dma.c:204:10:DMA_GetRemainingBytes	8	static
../drivers/fsl_dma.c:279:6:DMA_SetupDescriptor	16	static
../drivers/fsl_dma.c:350:6:DMA_SetupChannelDescriptor	20	static
../drivers/fsl_dma.c:454:6:DMA_CreateDescriptor	20	static
../drivers/fsl_dma.c:475:6:DMA_AbortTransfer	12	static
../drivers/fsl_dma.c:499:6:DMA_CreateHandle	24	static
../drivers/fsl_dma.c:530:6:DMA_SetCallback	0	static
../drivers/fsl_dma.c:555:6:DMA_PrepareTransfer	32	static
../drivers/fsl_dma.c:622:6:DMA_SetChannelConfig	16	static
../drivers/fsl_dma.c:660:6:DMA_PrepareChannelTransfer	24	static
../drivers/fsl_dma.c:718:6:DMA_LoadChannelDescriptor	16	static
../drivers/fsl_dma.c:748:6:DMA_InstallDescriptorMemory	0	static
../drivers/fsl_dma.c:802:6:DMA_SubmitChannelTransferParameter	32	static
../drivers/fsl_dma.c:844:6:DMA_SubmitChannelDescriptor	0	static
../drivers/fsl_dma.c:908:10:DMA_SubmitChannelTransfer	48	static
../drivers/fsl_dma.c:952:10:DMA_SubmitTransfer	32	static
../drivers/fsl_dma.c:992:6:DMA_StartTransfer	16	static
../drivers/fsl_dma.c:1010:6:DMA_IRQHandle	32	static
../drivers/fsl_dma.c:1066:6:DMA0_DriverIRQHandler	0	static
../drivers/fsl_dma.c:1074:6:DMA1_DriverIRQHandler	0	static
