../drivers/fsl_clock.c:1078:17:findPll0PreDiv	0	static
../drivers/fsl_clock.c:110:6:CLOCK_AttachClk	8	static
../drivers/fsl_clock.c:160:19:CLOCK_GetClockAttachId	12	static
../drivers/fsl_clock.c:214:6:CLOCK_SetClkDiv	0	static
../drivers/fsl_clock.c:248:6:CLOCK_SetRtc1khzClkDiv	0	static
../drivers/fsl_clock.c:260:6:CLOCK_SetRtc1hzClkDiv	0	static
../drivers/fsl_clock.c:281:10:CLOCK_SetupFROClocking	0	static
../drivers/fsl_clock.c:339:6:CLOCK_SetFLASHAccessCyclesForFreq	8	static
../drivers/fsl_clock.c:385:10:CLOCK_SetupExtClocking	0	static
../drivers/fsl_clock.c:407:10:CLOCK_SetupI2SMClkClocking	0	static
../drivers/fsl_clock.c:419:10:CLOCK_SetupPLUClkInClocking	0	static
../drivers/fsl_clock.c:574:10:CLOCK_GetUsb1ClkFreq	0	static
../drivers/fsl_clock.c:648:10:CLOCK_GetFro12MFreq	0	static
../drivers/fsl_clock.c:657:10:CLOCK_GetFro1MFreq	0	static
../drivers/fsl_clock.c:666:10:CLOCK_GetExtClkFreq	0	static
../drivers/fsl_clock.c:675:10:CLOCK_GetWdtClkFreq	8	static
../drivers/fsl_clock.c:684:10:CLOCK_GetFroHfFreq	0	static
../drivers/fsl_clock.c:583:10:CLOCK_GetMclkClkFreq	8	static
../drivers/fsl_clock.c:693:10:CLOCK_GetPll0OutFreq	0	static
../drivers/fsl_clock.c:702:10:CLOCK_GetPll1OutFreq	0	static
../drivers/fsl_clock.c:711:10:CLOCK_GetOsc32KFreq	0	static
../drivers/fsl_clock.c:726:10:CLOCK_GetCoreSysClkFreq	0	static
../drivers/fsl_clock.c:429:10:CLOCK_GetClockOutClkFreq	8	static
../drivers/fsl_clock.c:478:10:CLOCK_GetMCanClkFreq	8	static
../drivers/fsl_clock.c:509:10:CLOCK_GetAdcClkFreq	8	static
../drivers/fsl_clock.c:540:10:CLOCK_GetUsb0ClkFreq	8	static
../drivers/fsl_clock.c:611:10:CLOCK_GetSctClkFreq	8	static
../drivers/fsl_clock.c:777:10:CLOCK_GetI2SMClkFreq	0	static
../drivers/fsl_clock.c:786:10:CLOCK_GetPLUClkInFreq	0	static
../drivers/fsl_clock.c:796:10:CLOCK_GetFlexCommInputClock	8	static
../drivers/fsl_clock.c:836:10:CLOCK_GetFlexCommClkFreq	8	static
../drivers/fsl_clock.c:849:10:CLOCK_GetHsLspiClkFreq	8	static
../drivers/fsl_clock.c:889:10:CLOCK_GetCTimerClkFreq	0	static
../drivers/fsl_clock.c:929:10:CLOCK_GetSystickClkFreq	8	static
../drivers/fsl_clock.c:966:10:CLOCK_SetFlexCommClock	16	static
../drivers/fsl_clock.c:988:10:CLOCK_GetFreq	8	static
../drivers/fsl_clock.c:1454:10:CLOCK_GetPLL0InClockRate	0	static
../drivers/fsl_clock.c:1485:10:CLOCK_GetPLL1InClockRate	0	static
../drivers/fsl_clock.c:1520:10:CLOCK_GetPLL0OutFromSetup	16	static
../drivers/fsl_clock.c:1551:10:CLOCK_GetPLL1OutFromSetup	8	static
../drivers/fsl_clock.c:1581:6:CLOCK_SetStoredPLL0ClockRate	0	static
../drivers/fsl_clock.c:1594:10:CLOCK_GetPLL0OutClockRate	40	static
../drivers/fsl_clock.c:1622:10:CLOCK_GetPLL1OutClockRate	40	static
../drivers/fsl_clock.c:1649:13:CLOCK_SetupPLL0Data	48	static
../drivers/fsl_clock.c:1692:13:CLOCK_SetupPLL0Prec	24	static
../drivers/fsl_clock.c:1775:13:CLOCK_SetPLL0Freq	24	static
../drivers/fsl_clock.c:1850:13:CLOCK_SetPLL1Freq	24	static
../drivers/fsl_clock.c:1913:6:CLOCK_SetupPLL0Mult	8	static
../drivers/fsl_clock.c:1977:6:CLOCK_EnableUsbfs0DeviceClock	48	static
../drivers/fsl_clock.c:2040:6:CLOCK_EnableUsbfs0HostClock	48	static
../drivers/fsl_clock.c:2099:6:CLOCK_EnableUsbhs0PhyPllClock	8	static
../drivers/fsl_clock.c:2182:6:CLOCK_EnableUsbhs0DeviceClock	0	static
../drivers/fsl_clock.c:2194:6:CLOCK_EnableUsbhs0HostClock	0	static
../drivers/fsl_clock.c:2209:6:CLOCK_EnableOstimer32kClock	0	static
