C:\workspace\mcuxpresso\amoses_tab_2\CMSIS/core_cm33.h:2378:22:__NVIC_EnableIRQ	0	static
../drivers/fsl_i2c.c:1375:13:I2C_SlaveInvokeEvent	16	static
../drivers/fsl_i2c.c:1997:6:I2C_SlaveTransferHandleIRQ	16	static
../drivers/fsl_i2c.c:187:10:I2C_GetInstance	0	static
../drivers/fsl_i2c.c:216:6:I2C_MasterGetDefaultConfig	8	static
../drivers/fsl_i2c.c:264:6:I2C_MasterDeinit	0	static
../drivers/fsl_i2c.c:281:10:I2C_GetStatusFlags	0	static
../drivers/fsl_i2c.c:424:17:I2C_PendingStatusWait	16	static
../drivers/fsl_i2c.c:1271:6:I2C_MasterTransferHandleIRQ	16	static
../drivers/fsl_i2c.c:317:6:I2C_MasterSetBaudRate	32	static
../drivers/fsl_i2c.c:407:6:I2C_MasterSetTimeoutValue	0	static
../drivers/fsl_i2c.c:240:6:I2C_MasterInit	16	static
../drivers/fsl_i2c.c:497:10:I2C_MasterStart	16	static
../drivers/fsl_i2c.c:520:10:I2C_MasterStop	8	static
../drivers/fsl_i2c.c:701:17:I2C_MasterCheckStartResponse	8	static
../drivers/fsl_i2c.c:549:10:I2C_MasterWriteBlocking	24	static
../drivers/fsl_i2c.c:640:10:I2C_MasterReadBlocking	24	static
../drivers/fsl_i2c.c:734:10:I2C_MasterTransferBlocking	40	static
../drivers/fsl_i2c.c:837:6:I2C_MasterTransferCreateHandle	24	static
../drivers/fsl_i2c.c:875:10:I2C_MasterTransferNonBlocking	20	static
../drivers/fsl_i2c.c:916:10:I2C_MasterTransferGetCount	0	static
../drivers/fsl_i2c.c:948:10:I2C_MasterTransferAbort	16	static
../drivers/fsl_i2c.c:1533:10:I2C_SlaveSetSendBuffer	16	static
../drivers/fsl_i2c.c:1563:10:I2C_SlaveSetReceiveBuffer	16	static
../drivers/fsl_i2c.c:1580:6:I2C_SlaveSetAddress	0	static
../drivers/fsl_i2c.c:1609:6:I2C_SlaveGetDefaultConfig	24	static
../drivers/fsl_i2c.c:1637:10:I2C_SlaveInit	16	static
../drivers/fsl_i2c.c:1681:6:I2C_SlaveDeinit	0	static
../drivers/fsl_i2c.c:1697:10:I2C_SlaveWriteBlocking	12	static
../drivers/fsl_i2c.c:1784:10:I2C_SlaveReadBlocking	12	static
../drivers/fsl_i2c.c:1872:6:I2C_SlaveTransferCreateHandle	24	static
../drivers/fsl_i2c.c:1933:10:I2C_SlaveTransferNonBlocking	12	static
../drivers/fsl_i2c.c:1947:10:I2C_SlaveTransferGetCount	0	static
../drivers/fsl_i2c.c:1977:6:I2C_SlaveTransferAbort	0	static
