C:\workspace\mcuxpresso\amoses_tab_2\CMSIS/core_cm33.h:2469:22:__NVIC_ClearPendingIRQ	0	static
../drivers/fsl_common_arm.h:558:24:DisableIRQ.isra	0	static
../drivers/fsl_common_arm.h:514:24:EnableIRQ.isra	0	static
../drivers/fsl_pint.c:48:6:PINT_Init	16	static
../drivers/fsl_pint.c:165:6:PINT_PinInterruptConfig	12	static
../drivers/fsl_pint.c:222:6:PINT_PinInterruptGetConfig	16	static
../drivers/fsl_pint.c:300:6:PINT_PatternMatchConfig	16	static
../drivers/fsl_pint.c:365:6:PINT_PatternMatchGetConfig	12	static
../drivers/fsl_pint.c:417:10:PINT_PatternMatchResetDetectLogic	0	static
../drivers/fsl_pint.c:444:6:PINT_PinInterruptClrStatus	0	static
../drivers/fsl_pint.c:465:6:PINT_PinInterruptClrStatusAll	20	static
../drivers/fsl_pint.c:509:6:PINT_EnableCallback	16	static
../drivers/fsl_pint.c:556:6:PINT_EnableCallbackByIndex	16	static
../drivers/fsl_pint.c:590:6:PINT_DisableCallback	16	static
../drivers/fsl_pint.c:637:6:PINT_DisableCallbackByIndex	16	static
../drivers/fsl_pint.c:672:6:PINT_Deinit	8	static
../drivers/fsl_pint.c:769:6:SEC_GPIO_INT0_IRQ0_DriverIRQHandler	8	static
../drivers/fsl_pint.c:791:6:SEC_GPIO_INT0_IRQ1_DriverIRQHandler	8	static
../drivers/fsl_pint.c:813:6:PINT0_DriverIRQHandler	24	static
../drivers/fsl_pint.c:842:6:PIN_INT0_DriverIRQHandler	8	static
../drivers/fsl_pint.c:863:6:PIN_INT1_DriverIRQHandler	8	static
../drivers/fsl_pint.c:885:6:PIN_INT2_DriverIRQHandler	8	static
../drivers/fsl_pint.c:907:6:PIN_INT3_DriverIRQHandler	8	static
../drivers/fsl_pint.c:929:6:PIN_INT4_DriverIRQHandler	8	static
../drivers/fsl_pint.c:955:6:PIN_INT5_DriverIRQHandler	8	static
../drivers/fsl_pint.c:982:6:PIN_INT6_DriverIRQHandler	8	static
../drivers/fsl_pint.c:1009:6:PIN_INT7_DriverIRQHandler	8	static
