../drivers/fsl_mcan.h:479:20:MCAN_EnterInitialMode	0	static
../drivers/fsl_mcan.h:497:20:MCAN_EnterNormalMode	0	static
../drivers/fsl_mcan.c:335:6:MCAN_Deinit	8	static
../drivers/fsl_mcan.c:361:6:MCAN_GetDefaultConfig	8	static
../drivers/fsl_mcan.c:651:6:MCAN_SetDataTimingConfig	8	static
../drivers/fsl_mcan.c:773:6:MCAN_CalculateImprovedTimingValues	36	static
../drivers/fsl_mcan.c:538:6:MCAN_FDCalculateImprovedTimingValues	48	static
../drivers/fsl_mcan.c:861:6:MCAN_SetArbitrationTimingConfig	8	static
../drivers/fsl_mcan.c:228:6:MCAN_Init	48	static
../drivers/fsl_mcan.c:675:10:MCAN_SetBaudRateFD	32	static
../drivers/fsl_mcan.c:829:10:MCAN_SetBaudRate	24	static
../drivers/fsl_mcan.c:883:6:MCAN_SetFilterConfig	12	static
../drivers/fsl_mcan.c:907:6:MCAN_SetRxFifo0Config	8	static
../drivers/fsl_mcan.c:925:6:MCAN_SetRxFifo1Config	8	static
../drivers/fsl_mcan.c:942:6:MCAN_SetRxBufferConfig	0	static
../drivers/fsl_mcan.c:958:6:MCAN_SetTxEventFifoConfig	8	static
../drivers/fsl_mcan.c:974:6:MCAN_SetTxBufferConfig	8	static
../drivers/fsl_mcan.c:995:10:MCAN_SetMessageRamConfig	24	static
../drivers/fsl_mcan.c:1116:6:MCAN_SetSTDFilterElement	4	static
../drivers/fsl_mcan.c:1134:6:MCAN_SetEXTFilterElement	4	static
../drivers/fsl_mcan.c:1220:10:MCAN_IsTransmitRequestPending	0	static
../drivers/fsl_mcan.c:1233:10:MCAN_IsTransmitOccurred	0	static
../drivers/fsl_mcan.c:1249:10:MCAN_WriteTxBuffer	16	static
../drivers/fsl_mcan.c:1287:10:MCAN_ReadRxBuffer	16	static
../drivers/fsl_mcan.c:1311:10:MCAN_ReadRxFifo	16	static
../drivers/fsl_mcan.c:1366:10:MCAN_TransferSendBlocking	16	static
../drivers/fsl_mcan.c:1399:10:MCAN_TransferReceiveBlocking	8	static
../drivers/fsl_mcan.c:1440:10:MCAN_TransferReceiveFifoBlocking	4	static
../drivers/fsl_mcan.c:1485:6:MCAN_TransferCreateHandle	24	static
../drivers/fsl_mcan.c:1540:10:MCAN_TransferSendNonBlocking	16	static
../drivers/fsl_mcan.c:1603:10:MCAN_TransferReceiveFifoNonBlocking	8	static
../drivers/fsl_mcan.c:1651:6:MCAN_TransferAbortSend	8	static
../drivers/fsl_mcan.c:1708:6:MCAN_TransferHandleIRQ	32	static
../drivers/fsl_mcan.c:1678:6:MCAN_TransferAbortReceiveFifo	0	static
../drivers/fsl_mcan.c:1804:6:CAN0_IRQ0_DriverIRQHandler	0	static
../drivers/fsl_mcan.c:1813:6:CAN0_IRQ1_DriverIRQHandler	0	static
