../drivers/fsl_usart.h:575:24:USART_GetEnabledInterrupts	0	static
../drivers/fsl_usart.c:55:10:USART_GetInstance	0	static
../drivers/fsl_usart.c:77:8:USART_TransferGetRxRingBufferLength	0	static
../drivers/fsl_usart.c:1107:6:USART_TransferHandleIRQ	32	static
../drivers/fsl_usart.c:132:6:USART_TransferStartRingBuffer	0	static
../drivers/fsl_usart.c:156:6:USART_TransferStopRingBuffer	0	static
../drivers/fsl_usart.c:275:6:USART_Deinit	0	static
../drivers/fsl_usart.c:307:6:USART_GetDefaultConfig	8	static
../drivers/fsl_usart.c:425:10:USART_SetBaudRate	32	static
../drivers/fsl_usart.c:193:10:USART_Init	24	static
../drivers/fsl_usart.c:517:10:USART_Enable32kMode	16	static
../drivers/fsl_usart.c:554:6:USART_Enable9bitMode	0	static
../drivers/fsl_usart.c:581:6:USART_SendAddress	0	static
../drivers/fsl_usart.c:600:10:USART_WriteBlocking	0	static
../drivers/fsl_usart.c:670:10:USART_ReadBlocking	8	static
../drivers/fsl_usart.c:758:10:USART_TransferCreateHandle	24	static
../drivers/fsl_usart.c:810:10:USART_TransferSendNonBlocking	24	static
../drivers/fsl_usart.c:855:6:USART_TransferAbortSend	0	static
../drivers/fsl_usart.c:880:10:USART_TransferGetSendCount	8	static
../drivers/fsl_usart.c:922:10:USART_TransferReceiveNonBlocking	40	static
../drivers/fsl_usart.c:1055:6:USART_TransferAbortReceive	0	static
../drivers/fsl_usart.c:1084:10:USART_TransferGetReceiveCount	0	static
