../drivers/fsl_spi.c:74:10:SPI_GetInstance	0	static
../drivers/fsl_spi.c:999:6:SPI_MasterTransferHandleIRQ	32	static
../drivers/fsl_spi.h:745:20:SPI_SlaveTransferHandleIRQ	0	static
../drivers/fsl_spi.c:96:6:SPI_SetDummyData	8	static
../drivers/fsl_spi.c:109:7:SPI_GetConfig	8	static
../drivers/fsl_spi.c:131:6:SPI_MasterGetDefaultConfig	8	static
../drivers/fsl_spi.c:257:6:SPI_SlaveGetDefaultConfig	8	static
../drivers/fsl_spi.c:294:10:SPI_SlaveInit	16	static
../drivers/fsl_spi.c:356:6:SPI_Deinit	0	static
../drivers/fsl_spi.c:373:6:SPI_EnableTxDMA	0	static
../drivers/fsl_spi.c:391:6:SPI_EnableRxDMA	0	static
../drivers/fsl_spi.c:410:10:SPI_MasterSetBaud	8	static
../drivers/fsl_spi.c:173:10:SPI_MasterInit	24	static
../drivers/fsl_spi.c:439:6:SPI_WriteData	24	static
../drivers/fsl_spi.c:471:10:SPI_MasterTransferCreateHandle	24	static
../drivers/fsl_spi.c:523:10:SPI_MasterTransferBlocking	48	static
../drivers/fsl_spi.c:660:10:SPI_MasterTransferNonBlocking	16	static
../drivers/fsl_spi.c:714:10:SPI_MasterHalfDuplexTransferBlocking	32	static
../drivers/fsl_spi.c:783:10:SPI_MasterHalfDuplexTransferNonBlocking	32	static
../drivers/fsl_spi.c:849:10:SPI_MasterTransferGetCount	0	static
../drivers/fsl_spi.c:877:6:SPI_MasterTransferAbort	0	static
