../drivers/fsl_hashcrypt.c:102:13:ctrIncrement	8	static
../drivers/fsl_hashcrypt.c:251:22:hashcrypt_load_data	32	static
../drivers/fsl_hashcrypt.c:395:13:hashcrypt_aes_load_userKey	0	static
../drivers/fsl_hashcrypt.c:848:17:hashcrypt_save_running_hash	8	static
../drivers/fsl_hashcrypt.c:877:13:hashcrypt_restore_running_hash	12	static
../drivers/fsl_hashcrypt.c:658:13:hashcrypt_sha_one_block	72	static
../drivers/fsl_hashcrypt.c:431:17:hashcrypt_aes_one_block_aligned	16	static
../drivers/fsl_hashcrypt.c:476:17:hashcrypt_aes_one_block_unaligned	288	static
../drivers/fsl_hashcrypt.c:533:17:hashcrypt_aes_one_block	40	static
../drivers/fsl_hashcrypt.c:292:17:hashcrypt_check_need_key.isra	8	static
../drivers/fsl_hashcrypt.c:928:10:HASHCRYPT_SHA_Init	0	static
../drivers/fsl_hashcrypt.c:957:10:HASHCRYPT_SHA_Update	32	static
../drivers/fsl_hashcrypt.c:1016:10:HASHCRYPT_SHA_Finish	88	static
../drivers/fsl_hashcrypt.c:901:10:HASHCRYPT_SHA	136	static
../drivers/fsl_hashcrypt.c:1101:6:HASHCRYPT_SHA_SetCallback	0	static
../drivers/fsl_hashcrypt.c:1116:10:HASHCRYPT_SHA_UpdateNonBlocking	16	static
../drivers/fsl_hashcrypt.c:1184:10:HASHCRYPT_AES_SetKey	8	static
../drivers/fsl_hashcrypt.c:1226:10:HASHCRYPT_AES_EncryptEcb	32	static
../drivers/fsl_hashcrypt.c:1265:10:HASHCRYPT_AES_DecryptEcb	32	static
../drivers/fsl_hashcrypt.c:1304:10:HASHCRYPT_AES_EncryptCbc	32	static
../drivers/fsl_hashcrypt.c:1350:10:HASHCRYPT_AES_DecryptCbc	32	static
../drivers/fsl_hashcrypt.c:1396:10:HASHCRYPT_AES_CryptCtr	56	static
../drivers/fsl_hashcrypt.c:1504:10:HASHCRYPT_AES_CryptOfb	64	static
../drivers/fsl_hashcrypt.c:1588:10:HASHCRYPT_AES_EncryptCfb	64	static
../drivers/fsl_hashcrypt.c:1671:10:HASHCRYPT_AES_DecryptCfb	64	static
../drivers/fsl_hashcrypt.c:1755:6:HASHCRYPT_DriverIRQHandler	16	static
../drivers/fsl_hashcrypt.c:1798:6:HASHCRYPT_Init	0	static
../drivers/fsl_hashcrypt.c:1806:6:HASHCRYPT_Deinit	8	static
