../drivers/fsl_iap.c:220:17:get_rom_api_version	0	static
../drivers/fsl_iap.c:237:10:FLASH_Init	8	static
../drivers/fsl_iap.c:265:10:FLASH_Erase	16	static
../drivers/fsl_iap.c:280:10:FLASH_Program	16	static
../drivers/fsl_iap.c:296:10:FLASH_Read	16	static
../drivers/fsl_iap.c:322:10:FLASH_VerifyErase	0	static
../drivers/fsl_iap.c:335:10:FLASH_VerifyProgram	24	static
../drivers/fsl_iap.c:360:10:FLASH_GetProperty	0	static
../drivers/fsl_iap.c:438:10:FFR_Lock_All	8	static
../drivers/fsl_iap.c:456:10:FFR_CustFactoryPageWrite	8	static
../drivers/fsl_iap.c:473:10:FFR_GetUUID	8	static
../drivers/fsl_iap.c:491:10:FFR_GetCustomerData	16	static
../drivers/fsl_iap.c:509:10:FFR_KeystoreWrite	8	static
../drivers/fsl_iap.c:524:10:FFR_KeystoreGetAC	8	static
../drivers/fsl_iap.c:539:10:FFR_KeystoreGetKC	8	static
../drivers/fsl_iap.c:557:10:FFR_InfieldPageWrite	8	static
../drivers/fsl_iap.c:575:10:FFR_GetCustomerInfieldData	16	static
../drivers/fsl_iap.c:369:17:get_cfpa_higher_version	536	static
../drivers/fsl_iap.c:410:10:FFR_Init	8	static
../drivers/fsl_iap.c:598:10:kb_init	0	static
../drivers/fsl_iap.c:610:10:kb_deinit	0	static
../drivers/fsl_iap.c:634:10:kb_execute	0	static
../drivers/fsl_iap.c:649:17:skboot_authenticate	0	static
../drivers/fsl_iap.c:659:6:HASH_IRQHandler	0	static
