../drivers/fsl_cdog.c:38:13:CDOG_DriverIRQHandler	0	static
../drivers/fsl_cdog.c:86:6:CDOG_GetDefaultConfig	0	static
../drivers/fsl_cdog.c:109:6:CDOG_Start	0	static
../drivers/fsl_cdog.c:124:6:CDOG_Stop	0	static
../drivers/fsl_cdog.c:140:6:CDOG_Set	0	static
../drivers/fsl_cdog.c:155:6:CDOG_Add	0	static
../drivers/fsl_cdog.c:168:6:CDOG_Add1	0	static
../drivers/fsl_cdog.c:181:6:CDOG_Add16	0	static
../drivers/fsl_cdog.c:194:6:CDOG_Add256	0	static
../drivers/fsl_cdog.c:207:6:CDOG_Sub	0	static
../drivers/fsl_cdog.c:219:6:CDOG_Sub1	0	static
../drivers/fsl_cdog.c:231:6:CDOG_Sub16	0	static
../drivers/fsl_cdog.c:243:6:CDOG_Sub256	0	static
../drivers/fsl_cdog.c:257:6:CDOG_Check	0	static
../drivers/fsl_cdog.c:268:6:CDOG_WritePersistent	0	static
../drivers/fsl_cdog.c:279:10:CDOG_ReadPersistent	0	static
../drivers/fsl_cdog.c:293:10:CDOG_Init	16	static
../drivers/fsl_cdog.c:358:6:CDOG_Deinit	8	static
