C:\workspace\mcuxpresso\amoses_tab_2\CMSIS/core_cm33.h:2378:22:__NVIC_EnableIRQ	0	static
../drivers/fsl_i2s.c:312:13:I2S_Config	12	static
../drivers/fsl_i2s.c:408:17:I2S_ValidateBuffer	8	static
../drivers/fsl_i2s.c:822:6:I2S_TxHandleIRQ	24	static
../drivers/fsl_i2s.c:1031:6:I2S_RxHandleIRQ	24	static
../drivers/fsl_i2s.c:97:6:I2S_SetBitClockRate	0	static
../drivers/fsl_i2s.c:120:6:I2S_TxInit	16	static
../drivers/fsl_i2s.c:155:6:I2S_RxInit	16	static
../drivers/fsl_i2s.c:181:10:I2S_EmptyTxFifo	16	static
../drivers/fsl_i2s.c:237:6:I2S_TxGetDefaultConfig	0	static
../drivers/fsl_i2s.c:291:6:I2S_RxGetDefaultConfig	0	static
../drivers/fsl_i2s.c:373:6:I2S_Deinit	0	static
../drivers/fsl_i2s.c:516:6:I2S_EnableSecondaryChannel	8	static
../drivers/fsl_i2s.c:545:6:I2S_TxTransferCreateHandle	24	static
../drivers/fsl_i2s.c:586:10:I2S_TxTransferNonBlocking	24	static
../drivers/fsl_i2s.c:625:6:I2S_TxTransferAbort	16	static
../drivers/fsl_i2s.c:649:6:I2S_RxTransferCreateHandle	24	static
../drivers/fsl_i2s.c:691:10:I2S_RxTransferNonBlocking	24	static
../drivers/fsl_i2s.c:730:6:I2S_RxTransferAbort	16	static
../drivers/fsl_i2s.c:756:10:I2S_TransferGetCount	0	static
../drivers/fsl_i2s.c:791:10:I2S_TransferGetErrorCount	0	static
