../drivers/fsl_casper.c:567:13:casper_select	16	static
../drivers/fsl_casper.c:1796:13:shiftrightSysram	8	static
../drivers/fsl_casper.c:1873:13:shiftleft	8	static
../drivers/fsl_casper.c:2203:17:sub_n	16	static
../drivers/fsl_casper.c:1620:13:MultprecCiosMul_ct	80	static
../drivers/fsl_casper.c:1905:13:multiply_casper	56	static
../drivers/fsl_casper.c:533:6:CASPER_MEMCPY	8	static
../drivers/fsl_casper.c:2936:13:toMontgomery_ECC_P256	56	static
../drivers/fsl_casper.c:3162:13:toMontgomery_ECC_P384	72	static
../drivers/fsl_casper.c:3296:13:toMontgomery_ECC_P521	104	static
../drivers/fsl_casper.c:1735:13:CASPER_montadd	32	static
../drivers/fsl_casper.c:1702:13:CASPER_montsub	40	static
../drivers/fsl_casper.c:581:6:MultprecMontCalcRp	8	static
../drivers/fsl_casper.c:597:6:MultprecMultiply	20	static
../drivers/fsl_casper.c:635:6:MultprecModulo	72	static
../drivers/fsl_casper.c:804:6:MultprecMontPrepareX	16	static
../drivers/fsl_casper.c:810:6:MultprecGenNp64	12	static
../drivers/fsl_casper.c:829:6:MultprecCiosMul	64	static
../drivers/fsl_casper.c:929:5:RSA_MontSignatureToPlaintextFast	64	static
../drivers/fsl_casper.c:1008:5:RSA_SignatureToPlaintextFast	24	static
../drivers/fsl_casper.c:1036:6:CASPER_ModExp	16	static
../drivers/fsl_casper.c:1058:6:CASPER_Init	16	static
../drivers/fsl_casper.c:1084:6:CASPER_Deinit	8	static
../drivers/fsl_casper.c:1100:6:CASPER_ecc_init	32	static
../drivers/fsl_casper.c:1127:6:CASPER_ECC_equal	168	static
../drivers/fsl_casper.c:1148:6:CASPER_ECC_equal_to_zero	88	static
../drivers/fsl_casper.c:1930:6:Jac_toAffine	80	static
../drivers/fsl_casper.c:2135:6:Jac_double	64	static
../drivers/fsl_casper.c:1965:6:Jac_addition	88	static
../drivers/fsl_casper.c:2057:6:Jac_add_affine	72	static
../drivers/fsl_casper.c:2436:13:precompute_double_scalar_LUT16	80	static
../drivers/fsl_casper.c:2264:6:Jac_scalar_multiplication	432	static
../drivers/fsl_casper.c:1167:6:CASPER_ECC_SECP256R1_Mul	152	static
../drivers/fsl_casper.c:1314:6:CASPER_ECC_SECP384R1_Mul	184	static
../drivers/fsl_casper.c:1448:6:CASPER_ECC_SECP521R1_Mul	256	static
../drivers/fsl_casper.c:2635:6:double_scalar_multiplication	112	static
../drivers/fsl_casper.c:1224:6:CASPER_ECC_SECP256R1_MulAdd	144	static
../drivers/fsl_casper.c:1370:6:CASPER_ECC_SECP384R1_MulAdd	88	static
../drivers/fsl_casper.c:1525:6:CASPER_ECC_SECP521R1_MulAdd	224	static
