../freertos/freertos-kernel/queue.c:2401:19:prvIsQueueEmpty	8	static
../freertos/freertos-kernel/queue.c:2177:19:prvCopyDataToQueue	16	static
../freertos/freertos-kernel/queue.c:2260:13:prvCopyDataFromQueue	4	static
../freertos/freertos-kernel/queue.c:2281:13:prvUnlockQueue	16	static
../freertos/freertos-kernel/queue.c:296:12:xQueueGenericReset	16	static
../freertos/freertos-kernel/queue.c:428:19:xQueueGenericCreate	24	static
../freertos/freertos-kernel/queue.c:802:19:xQueueCreateCountingSemaphore	8	static
../freertos/freertos-kernel/queue.c:835:12:xQueueGenericSend	40	static
../freertos/freertos-kernel/queue.c:572:19:xQueueCreateMutex	8	static
../freertos/freertos-kernel/queue.c:668:16:xQueueGiveMutexRecursive	16	static
../freertos/freertos-kernel/queue.c:1047:12:xQueueGenericSendFromISR	32	static
../freertos/freertos-kernel/queue.c:1212:12:xQueueGiveFromISR	24	static
../freertos/freertos-kernel/queue.c:1378:12:xQueueReceive	40	static
../freertos/freertos-kernel/queue.c:1521:12:xQueueSemaphoreTake	40	static
../freertos/freertos-kernel/queue.c:723:16:xQueueTakeMutexRecursive	16	static
../freertos/freertos-kernel/queue.c:1733:12:xQueuePeek	32	static
../freertos/freertos-kernel/queue.c:1884:12:xQueueReceiveFromISR	32	static
../freertos/freertos-kernel/queue.c:1977:12:xQueuePeekFromISR	24	static
../freertos/freertos-kernel/queue.c:2032:13:uxQueueMessagesWaiting	8	static
../freertos/freertos-kernel/queue.c:2048:13:uxQueueSpacesAvailable	8	static
../freertos/freertos-kernel/queue.c:2065:13:uxQueueMessagesWaitingFromISR	8	static
../freertos/freertos-kernel/queue.c:2121:17:uxQueueGetQueueNumber	0	static
../freertos/freertos-kernel/queue.c:2131:10:vQueueSetQueueNumber	0	static
../freertos/freertos-kernel/queue.c:2142:13:ucQueueGetQueueType	0	static
../freertos/freertos-kernel/queue.c:2422:12:xQueueIsQueueEmptyFromISR	8	static
../freertos/freertos-kernel/queue.c:2463:12:xQueueIsQueueFullFromISR	8	static
../freertos/freertos-kernel/queue.c:2772:10:vQueueAddToRegistry	16	static
../freertos/freertos-kernel/queue.c:2819:18:pcQueueGetName	8	static
../freertos/freertos-kernel/queue.c:2850:10:vQueueUnregisterQueue	8	static
../freertos/freertos-kernel/queue.c:2077:6:vQueueDelete	8	static
../freertos/freertos-kernel/queue.c:2883:10:vQueueWaitForMessageRestricted	16	static
