C:\amoses_workspace\amoses_track_and_balance\CMSIS/core_cm33.h:2378:22:__NVIC_EnableIRQ	16	static
../drivers/fsl_common_arm.h:514:24:EnableIRQ	24	static
../drivers/fsl_i2c.h:527:20:I2C_MasterEnable	16	static
../drivers/fsl_i2c.h:569:20:I2C_ClearStatusFlags	16	static
../drivers/fsl_i2c.h:592:20:I2C_MasterClearStatusFlags	16	static
../drivers/fsl_i2c.h:610:20:I2C_EnableInterrupts	16	static
../drivers/fsl_i2c.h:622:20:I2C_DisableInterrupts	16	static
../drivers/fsl_i2c.h:923:20:I2C_SlaveEnable	16	static
../drivers/fsl_i2c_dma.c:85:17:I2C_InitTransferStateMachineDMA	48	static
../drivers/fsl_i2c_dma.c:149:13:I2C_RunDMATransfer	72	static
../drivers/fsl_i2c_dma.c:202:17:I2C_RunTransferStateMachineDMA	104	static
../drivers/fsl_i2c_dma.c:439:13:I2C_MasterTransferDMAHandleIRQ	32	static
../drivers/fsl_i2c_dma.c:469:13:I2C_MasterTransferCallbackDMA	32	static
../drivers/fsl_i2c_dma.c:492:6:I2C_MasterTransferCreateHandleDMA	32	static
../drivers/fsl_i2c_dma.c:543:10:I2C_MasterTransferDMA	32	static
../drivers/fsl_i2c_dma.c:583:10:I2C_MasterTransferGetCountDMA	24	static
../drivers/fsl_i2c_dma.c:610:6:I2C_MasterTransferAbortDMA	24	static
