C:\amoses_workspace\track_and_balance\CMSIS/core_cm33.h:2378:22:__NVIC_EnableIRQ	16	static
../drivers/fsl_common_arm.h:514:24:EnableIRQ	24	static
../drivers/fsl_i2s.h:396:20:I2S_Enable	16	static
../drivers/fsl_i2s.h:432:20:I2S_Disable	16	static
../drivers/fsl_i2s.h:451:20:I2S_EnableInterrupts	16	static
../drivers/fsl_i2s.h:463:20:I2S_DisableInterrupts	16	static
../drivers/fsl_i2s.c:74:17:I2S_GetInstance	24	static
../drivers/fsl_i2s.c:97:6:I2S_SetBitClockRate	32	static
../drivers/fsl_i2s.c:120:6:I2S_TxInit	24	static
../drivers/fsl_i2s.c:155:6:I2S_RxInit	24	static
../drivers/fsl_i2s.c:181:10:I2S_EmptyTxFifo	24	static
../drivers/fsl_i2s.c:237:6:I2S_TxGetDefaultConfig	16	static
../drivers/fsl_i2s.c:291:6:I2S_RxGetDefaultConfig	16	static
../drivers/fsl_i2s.c:312:13:I2S_Config	24	static
../drivers/fsl_i2s.c:373:6:I2S_Deinit	16	static
../drivers/fsl_i2s.c:378:13:I2S_TxEnable	16	static
../drivers/fsl_i2s.c:393:13:I2S_RxEnable	16	static
../drivers/fsl_i2s.c:408:17:I2S_ValidateBuffer	16	static
../drivers/fsl_i2s.c:516:6:I2S_EnableSecondaryChannel	32	static
../drivers/fsl_i2s.c:545:6:I2S_TxTransferCreateHandle	32	static
../drivers/fsl_i2s.c:586:10:I2S_TxTransferNonBlocking	32	static
../drivers/fsl_i2s.c:625:6:I2S_TxTransferAbort	16	static
../drivers/fsl_i2s.c:649:6:I2S_RxTransferCreateHandle	32	static
../drivers/fsl_i2s.c:691:10:I2S_RxTransferNonBlocking	32	static
../drivers/fsl_i2s.c:730:6:I2S_RxTransferAbort	16	static
../drivers/fsl_i2s.c:756:10:I2S_TransferGetCount	24	static
../drivers/fsl_i2s.c:791:10:I2S_TransferGetErrorCount	24	static
../drivers/fsl_i2s.c:822:6:I2S_TxHandleIRQ	48	static
../drivers/fsl_i2s.c:1031:6:I2S_RxHandleIRQ	48	static
