C:\workspace\amoses_track_and_balance\CMSIS/core_cm33.h:2378:22:__NVIC_EnableIRQ	16	static
../drivers/fsl_clock.h:987:20:CLOCK_EnableClock	24	static
../drivers/fsl_clock.h:997:20:CLOCK_DisableClock	24	static
../drivers/fsl_common_arm.h:514:24:EnableIRQ	24	static
../drivers/fsl_mcan.h:479:20:MCAN_EnterInitialMode	16	static
../drivers/fsl_mcan.h:497:20:MCAN_EnterNormalMode	16	static
../drivers/fsl_mcan.h:519:20:MCAN_SetMsgRAMBase	16	static
../drivers/fsl_mcan.h:534:24:MCAN_GetMsgRAMBase	16	static
../drivers/fsl_mcan.h:739:24:MCAN_GetStatusFlag	16	static
../drivers/fsl_mcan.h:752:20:MCAN_ClearStatusFlag	16	static
../drivers/fsl_mcan.h:767:20:MCAN_GetRxBufferStatusFlag	24	static
../drivers/fsl_mcan.h:793:20:MCAN_ClearRxBufferStatusFlag	16	static
../drivers/fsl_mcan.h:824:20:MCAN_EnableInterrupts	24	static
../drivers/fsl_mcan.h:846:20:MCAN_EnableTransmitBufferInterrupts	16	static
../drivers/fsl_mcan.h:859:20:MCAN_DisableTransmitBufferInterrupts	16	static
../drivers/fsl_mcan.h:873:20:MCAN_DisableInterrupts	16	static
../drivers/fsl_mcan.h:957:20:MCAN_TransmitAddRequest	16	static
../drivers/fsl_mcan.h:970:20:MCAN_TransmitCancelRequest	16	static
../drivers/fsl_mcan.c:174:17:MCAN_GetInstance	24	static
../drivers/fsl_mcan.c:192:13:MCAN_Reset	16	static
../drivers/fsl_mcan.c:228:6:MCAN_Init	48	static
../drivers/fsl_mcan.c:335:6:MCAN_Deinit	16	static
../drivers/fsl_mcan.c:361:6:MCAN_GetDefaultConfig	16	static
../drivers/fsl_mcan.c:396:13:MCAN_FDGetSegments	32	static
../drivers/fsl_mcan.c:457:13:MCAN_CalculateImprovedNominalTimingValues	56	static
../drivers/fsl_mcan.c:538:6:MCAN_FDCalculateImprovedTimingValues	40	static
../drivers/fsl_mcan.c:651:6:MCAN_SetDataTimingConfig	16	static
../drivers/fsl_mcan.c:675:10:MCAN_SetBaudRateFD	40	static
../drivers/fsl_mcan.c:718:13:MCAN_GetSegments	32	static
../drivers/fsl_mcan.c:773:6:MCAN_CalculateImprovedTimingValues	56	static
../drivers/fsl_mcan.c:829:10:MCAN_SetBaudRate	40	static
../drivers/fsl_mcan.c:861:6:MCAN_SetArbitrationTimingConfig	16	static
../drivers/fsl_mcan.c:883:6:MCAN_SetFilterConfig	16	static
../drivers/fsl_mcan.c:907:6:MCAN_SetRxFifo0Config	16	static
../drivers/fsl_mcan.c:925:6:MCAN_SetRxFifo1Config	16	static
../drivers/fsl_mcan.c:942:6:MCAN_SetRxBufferConfig	16	static
../drivers/fsl_mcan.c:958:6:MCAN_SetTxEventFifoConfig	16	static
../drivers/fsl_mcan.c:974:6:MCAN_SetTxBufferConfig	16	static
../drivers/fsl_mcan.c:995:10:MCAN_SetMessageRamConfig	32	static
../drivers/fsl_mcan.c:1116:6:MCAN_SetSTDFilterElement	32	static
../drivers/fsl_mcan.c:1134:6:MCAN_SetEXTFilterElement	32	static
../drivers/fsl_mcan.c:1144:17:MCAN_GetRxFifo0ElementAddress	24	static
../drivers/fsl_mcan.c:1162:17:MCAN_GetRxFifo1ElementAddress	24	static
../drivers/fsl_mcan.c:1180:17:MCAN_GetRxBufferElementAddress	24	static
../drivers/fsl_mcan.c:1196:17:MCAN_GetTxBufferElementAddress	24	static
../drivers/fsl_mcan.c:1220:10:MCAN_IsTransmitRequestPending	16	static
../drivers/fsl_mcan.c:1233:10:MCAN_IsTransmitOccurred	16	static
../drivers/fsl_mcan.c:1249:10:MCAN_WriteTxBuffer	48	static
../drivers/fsl_mcan.c:1287:10:MCAN_ReadRxBuffer	40	static
../drivers/fsl_mcan.c:1311:10:MCAN_ReadRxFifo	40	static
../drivers/fsl_mcan.c:1366:10:MCAN_TransferSendBlocking	32	static
../drivers/fsl_mcan.c:1399:10:MCAN_TransferReceiveBlocking	32	static
../drivers/fsl_mcan.c:1440:10:MCAN_TransferReceiveFifoBlocking	32	static
../drivers/fsl_mcan.c:1485:6:MCAN_TransferCreateHandle	32	static
../drivers/fsl_mcan.c:1540:10:MCAN_TransferSendNonBlocking	32	static
../drivers/fsl_mcan.c:1603:10:MCAN_TransferReceiveFifoNonBlocking	32	static
../drivers/fsl_mcan.c:1651:6:MCAN_TransferAbortSend	24	static
../drivers/fsl_mcan.c:1678:6:MCAN_TransferAbortReceiveFifo	24	static
../drivers/fsl_mcan.c:1708:6:MCAN_TransferHandleIRQ	48	static
../drivers/fsl_mcan.c:1804:6:CAN0_IRQ0_DriverIRQHandler	8	static
../drivers/fsl_mcan.c:1813:6:CAN0_IRQ1_DriverIRQHandler	8	static
