../drivers/fsl_clock.h:987:20:CLOCK_EnableClock	24	static
../drivers/fsl_clock.h:997:20:CLOCK_DisableClock	24	static
../drivers/fsl_clock.h:1240:22:CLOCK_IsPLL0Locked	4	static
../drivers/fsl_clock.h:1248:22:CLOCK_IsPLL1Locked	4	static
../drivers/fsl_power.h:373:20:POWER_EnablePD	16	static
../drivers/fsl_power.h:385:20:POWER_DisablePD	16	static
../drivers/fsl_clock.c:110:6:CLOCK_AttachClk	32	static
../drivers/fsl_clock.c:160:19:CLOCK_GetClockAttachId	48	static
../drivers/fsl_clock.c:214:6:CLOCK_SetClkDiv	24	static
../drivers/fsl_clock.c:248:6:CLOCK_SetRtc1khzClkDiv	16	static
../drivers/fsl_clock.c:260:6:CLOCK_SetRtc1hzClkDiv	16	static
../drivers/fsl_clock.c:281:10:CLOCK_SetupFROClocking	16	static
../drivers/fsl_clock.c:339:6:CLOCK_SetFLASHAccessCyclesForFreq	32	static
../drivers/fsl_clock.c:385:10:CLOCK_SetupExtClocking	16	static
../drivers/fsl_clock.c:407:10:CLOCK_SetupI2SMClkClocking	16	static
../drivers/fsl_clock.c:419:10:CLOCK_SetupPLUClkInClocking	16	static
../drivers/fsl_clock.c:429:10:CLOCK_GetClockOutClkFreq	16	static
../drivers/fsl_clock.c:478:10:CLOCK_GetMCanClkFreq	16	static
../drivers/fsl_clock.c:509:10:CLOCK_GetAdcClkFreq	16	static
../drivers/fsl_clock.c:540:10:CLOCK_GetUsb0ClkFreq	16	static
../drivers/fsl_clock.c:574:10:CLOCK_GetUsb1ClkFreq	4	static
../drivers/fsl_clock.c:583:10:CLOCK_GetMclkClkFreq	16	static
../drivers/fsl_clock.c:611:10:CLOCK_GetSctClkFreq	16	static
../drivers/fsl_clock.c:648:10:CLOCK_GetFro12MFreq	4	static
../drivers/fsl_clock.c:657:10:CLOCK_GetFro1MFreq	4	static
../drivers/fsl_clock.c:666:10:CLOCK_GetExtClkFreq	4	static
../drivers/fsl_clock.c:675:10:CLOCK_GetWdtClkFreq	8	static
../drivers/fsl_clock.c:684:10:CLOCK_GetFroHfFreq	4	static
../drivers/fsl_clock.c:693:10:CLOCK_GetPll0OutFreq	4	static
../drivers/fsl_clock.c:702:10:CLOCK_GetPll1OutFreq	4	static
../drivers/fsl_clock.c:711:10:CLOCK_GetOsc32KFreq	4	static
../drivers/fsl_clock.c:726:10:CLOCK_GetCoreSysClkFreq	16	static
../drivers/fsl_clock.c:777:10:CLOCK_GetI2SMClkFreq	4	static
../drivers/fsl_clock.c:786:10:CLOCK_GetPLUClkInFreq	4	static
../drivers/fsl_clock.c:796:10:CLOCK_GetFlexCommInputClock	24	static
../drivers/fsl_clock.c:836:10:CLOCK_GetFlexCommClkFreq	72	static
../drivers/fsl_clock.c:849:10:CLOCK_GetHsLspiClkFreq	16	static
../drivers/fsl_clock.c:889:10:CLOCK_GetCTimerClkFreq	24	static
../drivers/fsl_clock.c:929:10:CLOCK_GetSystickClkFreq	24	static
../drivers/fsl_clock.c:966:10:CLOCK_SetFlexCommClock	56	static
../drivers/fsl_clock.c:988:10:CLOCK_GetFreq	24	static
../drivers/fsl_clock.c:1034:13:pllFindSel	32	static
../drivers/fsl_clock.c:1078:17:findPll0PreDiv	16	static
../drivers/fsl_clock.c:1095:17:findPll1PreDiv	16	static
../drivers/fsl_clock.c:1112:17:findPll0PostDiv	16	static
../drivers/fsl_clock.c:1135:17:findPll1PostDiv	16	static
../drivers/fsl_clock.c:1159:14:findPll0MMult	24	static
../drivers/fsl_clock.c:1186:17:findPll1MMult	16	static
../drivers/fsl_clock.c:1201:17:FindGreatestCommonDivisor	24	static
../drivers/fsl_clock.c:1221:20:CLOCK_GetPll0ConfigInternal	128	static
../drivers/fsl_clock.c:1391:20:CLOCK_GetPll0Config	32	static
../drivers/fsl_clock.c:1439:13:CLOCK_GetPLL0OutFromSetupUpdate	16	static
../drivers/fsl_clock.c:1445:13:CLOCK_GetPLL1OutFromSetupUpdate	16	static
../drivers/fsl_clock.c:1454:10:CLOCK_GetPLL0InClockRate	16	static
../drivers/fsl_clock.c:1485:10:CLOCK_GetPLL1InClockRate	16	static
../drivers/fsl_clock.c:1520:10:CLOCK_GetPLL0OutFromSetup	40	static
../drivers/fsl_clock.c:1551:10:CLOCK_GetPLL1OutFromSetup	32	static
../drivers/fsl_clock.c:1581:6:CLOCK_SetStoredPLL0ClockRate	16	static
../drivers/fsl_clock.c:1594:10:CLOCK_GetPLL0OutClockRate	56	static
../drivers/fsl_clock.c:1622:10:CLOCK_GetPLL1OutClockRate	56	static
../drivers/fsl_clock.c:1649:13:CLOCK_SetupPLL0Data	24	static
../drivers/fsl_clock.c:1692:13:CLOCK_SetupPLL0Prec	40	static
../drivers/fsl_clock.c:1775:13:CLOCK_SetPLL0Freq	40	static
../drivers/fsl_clock.c:1850:13:CLOCK_SetPLL1Freq	40	static
../drivers/fsl_clock.c:1913:6:CLOCK_SetupPLL0Mult	48	static
../drivers/fsl_clock.c:1977:6:CLOCK_EnableUsbfs0DeviceClock	56	static
../drivers/fsl_clock.c:2040:6:CLOCK_EnableUsbfs0HostClock	56	static
../drivers/fsl_clock.c:2099:6:CLOCK_EnableUsbhs0PhyPllClock	32	static
../drivers/fsl_clock.c:2182:6:CLOCK_EnableUsbhs0DeviceClock	16	static
../drivers/fsl_clock.c:2194:6:CLOCK_EnableUsbhs0HostClock	16	static
../drivers/fsl_clock.c:2209:6:CLOCK_EnableOstimer32kClock	4	static
