C:\amoses_workspace\track_and_balance\CMSIS/core_cm33.h:2378:22:__NVIC_EnableIRQ	16	static
../drivers/fsl_clock.h:987:20:CLOCK_EnableClock	24	static
../drivers/fsl_clock.h:997:20:CLOCK_DisableClock	24	static
../drivers/fsl_common_arm.h:514:24:EnableIRQ	24	static
../drivers/fsl_hashcrypt.c:102:13:ctrIncrement	24	static
../drivers/fsl_hashcrypt.c:136:24:hashcrypt_get_word_from_unaligned	16	static
../drivers/fsl_hashcrypt.c:182:17:hashcrypt_get_key_from_unaligned_src	40	static
../drivers/fsl_hashcrypt.c:251:22:hashcrypt_load_data	64	static
../drivers/fsl_hashcrypt.c:292:17:hashcrypt_check_need_key	24	static
../drivers/fsl_hashcrypt.c:327:17:hashcrypt_get_data	72	static
../drivers/fsl_hashcrypt.c:367:13:hashcrypt_engine_init	16	static
../drivers/fsl_hashcrypt.c:382:20:hashcrypt_engine_deinit	16	static
../drivers/fsl_hashcrypt.c:395:13:hashcrypt_aes_load_userKey	24	static
../drivers/fsl_hashcrypt.c:431:17:hashcrypt_aes_one_block_aligned	40	static
../drivers/fsl_hashcrypt.c:476:17:hashcrypt_aes_one_block_unaligned	320	static
../drivers/fsl_hashcrypt.c:533:17:hashcrypt_aes_one_block	48	static
../drivers/fsl_hashcrypt.c:596:17:hashcrypt_sha_check_input_alg	16	static
../drivers/fsl_hashcrypt.c:616:17:hashcrypt_sha_check_input_args	24	static
../drivers/fsl_hashcrypt.c:640:17:hashcrypt_sha_check_context	16	static
../drivers/fsl_hashcrypt.c:658:13:hashcrypt_sha_one_block	96	static
../drivers/fsl_hashcrypt.c:695:17:hashcrypt_sha_process_message_data	48	static
../drivers/fsl_hashcrypt.c:799:17:hashcrypt_sha_finalize	96	static
../drivers/fsl_hashcrypt.c:848:17:hashcrypt_save_running_hash	32	static
../drivers/fsl_hashcrypt.c:877:13:hashcrypt_restore_running_hash	24	static
../drivers/fsl_hashcrypt.c:901:10:HASHCRYPT_SHA	152	static
../drivers/fsl_hashcrypt.c:928:10:HASHCRYPT_SHA_Init	32	static
../drivers/fsl_hashcrypt.c:957:10:HASHCRYPT_SHA_Update	40	static
../drivers/fsl_hashcrypt.c:1016:10:HASHCRYPT_SHA_Finish	40	static
../drivers/fsl_hashcrypt.c:1101:6:HASHCRYPT_SHA_SetCallback	32	static
../drivers/fsl_hashcrypt.c:1116:10:HASHCRYPT_SHA_UpdateNonBlocking	48	static
../drivers/fsl_hashcrypt.c:1184:10:HASHCRYPT_AES_SetKey	32	static
../drivers/fsl_hashcrypt.c:1226:10:HASHCRYPT_AES_EncryptEcb	32	static
../drivers/fsl_hashcrypt.c:1265:10:HASHCRYPT_AES_DecryptEcb	32	static
../drivers/fsl_hashcrypt.c:1304:10:HASHCRYPT_AES_EncryptCbc	32	static
../drivers/fsl_hashcrypt.c:1350:10:HASHCRYPT_AES_DecryptCbc	32	static
../drivers/fsl_hashcrypt.c:1396:10:HASHCRYPT_AES_CryptCtr	64	static
../drivers/fsl_hashcrypt.c:1504:10:HASHCRYPT_AES_CryptOfb	72	static
../drivers/fsl_hashcrypt.c:1588:10:HASHCRYPT_AES_EncryptCfb	72	static
../drivers/fsl_hashcrypt.c:1671:10:HASHCRYPT_AES_DecryptCfb	72	static
../drivers/fsl_hashcrypt.c:1755:6:HASHCRYPT_DriverIRQHandler	32	static
../drivers/fsl_hashcrypt.c:1798:6:HASHCRYPT_Init	16	static
../drivers/fsl_hashcrypt.c:1806:6:HASHCRYPT_Deinit	16	static
