C:\amoses_workspace\track_and_balance\CMSIS/core_cm33.h:2378:22:__NVIC_EnableIRQ	16	static
C:\amoses_workspace\track_and_balance\CMSIS/core_cm33.h:2416:22:__NVIC_DisableIRQ	16	static
../drivers/fsl_clock.h:987:20:CLOCK_EnableClock	24	static
../drivers/fsl_clock.h:997:20:CLOCK_DisableClock	24	static
../drivers/fsl_common_arm.h:514:24:EnableIRQ	24	static
../drivers/fsl_common_arm.h:558:24:DisableIRQ	24	static
../drivers/fsl_ostimer.h:83:24:OSTIMER_DecimalToGray	24	static
../drivers/fsl_ostimer.h:202:24:OSTIMER_GetCurrentTimerRawValue	48	static
../drivers/fsl_ostimer.h:232:24:OSTIMER_GetCaptureRawValue	48	static
../drivers/fsl_ostimer.c:70:17:OSTIMER_GetInstance	24	static
../drivers/fsl_ostimer.c:95:17:OSTIMER_GrayToDecimalbyCodeGray	56	static
../drivers/fsl_ostimer.c:115:10:OSTIMER_GrayToDecimal	16	static
../drivers/fsl_ostimer.c:141:13:OSTIMER_EnableInterrupt	16	static
../drivers/fsl_ostimer.c:163:6:OSTIMER_Init	24	static
../drivers/fsl_ostimer.c:189:6:OSTIMER_Deinit	16	static
../drivers/fsl_ostimer.c:209:10:OSTIMER_GetStatusFlags	16	static
../drivers/fsl_ostimer.c:224:6:OSTIMER_ClearStatusFlags	16	static
../drivers/fsl_ostimer.c:243:10:OSTIMER_SetMatchRawValue	56	static
../drivers/fsl_ostimer.c:311:10:OSTIMER_SetMatchValue	40	static
../drivers/fsl_ostimer.c:327:10:OSTIMER_GetCurrentTimerValue	24	static
../drivers/fsl_ostimer.c:345:10:OSTIMER_GetCaptureValue	24	static
../drivers/fsl_ostimer.c:354:6:OSTIMER_HandleIRQ	16	static
../drivers/fsl_ostimer.c:376:6:OS_EVENT_DriverIRQHandler	8	static
