../drivers/fsl_clock.h:987:20:CLOCK_EnableClock	24	static
../drivers/fsl_clock.h:997:20:CLOCK_DisableClock	24	static
../drivers/fsl_sctimer.h:503:20:SCTIMER_StartTimer	16	static
../drivers/fsl_sctimer.h:545:20:SCTIMER_StopTimer	16	static
../drivers/fsl_sctimer.h:893:20:SCTIMER_SetupOutputSetAction	24	static
../drivers/fsl_sctimer.h:909:20:SCTIMER_SetupOutputClearAction	24	static
../drivers/fsl_sctimer.h:937:20:SCTIMER_SetupCounterLimitAction	24	static
../drivers/fsl_sctimer.c:81:17:SCTIMER_GetInstance	24	static
../drivers/fsl_sctimer.c:110:10:SCTIMER_Init	24	static
../drivers/fsl_sctimer.c:172:6:SCTIMER_Deinit	16	static
../drivers/fsl_sctimer.c:200:6:SCTIMER_GetDefaultConfig	16	static
../drivers/fsl_sctimer.c:265:10:SCTIMER_SetupPwm	88	static
../drivers/fsl_sctimer.c:403:6:SCTIMER_UpdatePwmDutycycle	72	static
../drivers/fsl_sctimer.c:476:10:SCTIMER_CreateAndScheduleEvent	40	static
../drivers/fsl_sctimer.c:603:6:SCTIMER_ScheduleEvent	16	static
../drivers/fsl_sctimer.c:621:10:SCTIMER_IncreaseState	24	static
../drivers/fsl_sctimer.c:647:10:SCTIMER_GetCurrentState	16	static
../drivers/fsl_sctimer.c:661:6:SCTIMER_SetupOutputToggleAction	32	static
../drivers/fsl_sctimer.c:691:10:SCTIMER_SetupCaptureAction	32	static
../drivers/fsl_sctimer.c:763:6:SCTIMER_SetCallback	24	static
../drivers/fsl_sctimer.c:773:6:SCTIMER_EventHandleIRQ	32	static
../drivers/fsl_sctimer.c:806:6:SCT0_DriverIRQHandler	8	static
