C:\workspace\amoses_track_and_balance\CMSIS/core_cm33.h:2378:22:__NVIC_EnableIRQ	16	static
C:\workspace\amoses_track_and_balance\CMSIS/core_cm33.h:2416:22:__NVIC_DisableIRQ	16	static
../drivers/fsl_clock.h:987:20:CLOCK_EnableClock	24	static
../drivers/fsl_clock.h:997:20:CLOCK_DisableClock	24	static
../drivers/fsl_cdog.c:38:13:CDOG_DriverIRQHandler	4	static
../drivers/fsl_cdog.c:86:6:CDOG_GetDefaultConfig	16	static
../drivers/fsl_cdog.c:109:6:CDOG_Start	24	static
../drivers/fsl_cdog.c:124:6:CDOG_Stop	16	static
../drivers/fsl_cdog.c:140:6:CDOG_Set	24	static
../drivers/fsl_cdog.c:155:6:CDOG_Add	16	static
../drivers/fsl_cdog.c:168:6:CDOG_Add1	16	static
../drivers/fsl_cdog.c:181:6:CDOG_Add16	16	static
../drivers/fsl_cdog.c:194:6:CDOG_Add256	16	static
../drivers/fsl_cdog.c:207:6:CDOG_Sub	16	static
../drivers/fsl_cdog.c:219:6:CDOG_Sub1	16	static
../drivers/fsl_cdog.c:231:6:CDOG_Sub16	16	static
../drivers/fsl_cdog.c:243:6:CDOG_Sub256	16	static
../drivers/fsl_cdog.c:257:6:CDOG_Check	16	static
../drivers/fsl_cdog.c:268:6:CDOG_WritePersistent	16	static
../drivers/fsl_cdog.c:279:10:CDOG_ReadPersistent	16	static
../drivers/fsl_cdog.c:293:10:CDOG_Init	24	static
../drivers/fsl_cdog.c:358:6:CDOG_Deinit	24	static
