../drivers/fsl_dma.h:379:20:DMA_EnableChannelInterrupts	16	static
../drivers/fsl_dma.h:392:20:DMA_DisableChannelInterrupts	16	static
../drivers/fsl_dma.h:431:20:DMA_EnableChannelPeriphRq	16	static
../drivers/fsl_dma.h:486:24:DMA_SetChannelXferConfig	16	static
../drivers/fsl_i2s.h:396:20:I2S_Enable	16	static
../drivers/fsl_i2s.h:432:20:I2S_Disable	16	static
../drivers/fsl_i2s_dma.c:101:17:I2S_EnqueueUserBuffer	32	static
../drivers/fsl_i2s_dma.c:151:17:I2S_GetInstance	24	static
../drivers/fsl_i2s_dma.c:167:20:I2S_DisableDMAInterrupts	16	static
../drivers/fsl_i2s_dma.c:172:20:I2S_EnableDMAInterrupts	16	static
../drivers/fsl_i2s_dma.c:189:6:I2S_TxTransferCreateHandleDMA	32	static
../drivers/fsl_i2s_dma.c:238:10:I2S_TxTransferSendDMA	32	static
../drivers/fsl_i2s_dma.c:276:6:I2S_TransferAbortDMA	24	static
../drivers/fsl_i2s_dma.c:330:6:I2S_RxTransferCreateHandleDMA	32	static
../drivers/fsl_i2s_dma.c:350:10:I2S_RxTransferReceiveDMA	32	static
../drivers/fsl_i2s_dma.c:382:13:I2S_TxEnableDMA	16	static
../drivers/fsl_i2s_dma.c:395:13:I2S_RxEnableDMA	16	static
../drivers/fsl_i2s_dma.c:408:17:I2S_GetTransferBytes	24	static
../drivers/fsl_i2s_dma.c:448:6:I2S_TransferInstallLoopDMADescriptorMemory	24	static
../drivers/fsl_i2s_dma.c:460:17:I2S_TransferLoopDMA	88	static
../drivers/fsl_i2s_dma.c:590:10:I2S_TransferSendLoopDMA	24	static
../drivers/fsl_i2s_dma.c:624:10:I2S_TransferReceiveLoopDMA	24	static
../drivers/fsl_i2s_dma.c:637:17:I2S_StartTransferDMA	80	static
../drivers/fsl_i2s_dma.c:718:13:I2S_AddTransferDMA	88	static
../drivers/fsl_i2s_dma.c:794:6:I2S_DMACallback	56	static
