C:\workspace\amoses_track_and_balance\drivers/fsl_wwdt.h:178:24:WWDT_GetStatusFlags	16	static
../source/amoses_core_functions.c:76:6:data_processing_task	32	static
../source/amoses_core_functions.c:97:7:convert_deg_to_clock	16	static
../source/amoses_core_functions.c:102:6:print_data	80	static
../source/amoses_core_functions.c:162:6:data_processing_function	16	static
../source/amoses_core_functions.c:234:6:data_telemetry_function	8	static
../source/amoses_core_functions.c:238:6:kb_input_task	16	static
../source/amoses_core_functions.c:244:6:kb_input_function	16	static
../source/amoses_core_functions.c:286:14:average_raw_adc_values	24	static
../source/amoses_core_functions.c:298:6:shift_and_generate_averages	16	static
../source/amoses_core_functions.c:327:6:watchdog_kicker_task	24	static
../source/amoses_core_functions.c:335:6:init_watchdog	32	static
