Archive member included to satisfy reference by file (symbol)

c:/nxp/mcuxpressoide_11.8.0_1165/ide/plugins/com.nxp.mcuxpresso.tools.win32_11.8.0.202306131047/tools/bin/../lib/gcc/arm-none-eabi/12.2.1/../../../../arm-none-eabi/lib/thumb/v8-m.main+fp/hard\libcr_nohost_nf.a(_cr__main.o)
                              ./startup/startup_lpc55s16.o (__main)
c:/nxp/mcuxpressoide_11.8.0_1165/ide/plugins/com.nxp.mcuxpresso.tools.win32_11.8.0.202306131047/tools/bin/../lib/gcc/arm-none-eabi/12.2.1/../../../../arm-none-eabi/lib/thumb/v8-m.main+fp/hard\libcr_c.a(memcpy.o)
                              ./utilities/fsl_str.o (memcpy)
c:/nxp/mcuxpressoide_11.8.0_1165/ide/plugins/com.nxp.mcuxpresso.tools.win32_11.8.0.202306131047/tools/bin/../lib/gcc/arm-none-eabi/12.2.1/../../../../arm-none-eabi/lib/thumb/v8-m.main+fp/hard\libcr_c.a(memset.o)
                              ./utilities/fsl_debug_console.o (memset)
c:/nxp/mcuxpressoide_11.8.0_1165/ide/plugins/com.nxp.mcuxpresso.tools.win32_11.8.0.202306131047/tools/bin/../lib/gcc/arm-none-eabi/12.2.1/../../../../arm-none-eabi/lib/thumb/v8-m.main+fp/hard\libcr_c.a(alloc.o)
                              ./drivers/fsl_common.o (malloc)
c:/nxp/mcuxpressoide_11.8.0_1165/ide/plugins/com.nxp.mcuxpresso.tools.win32_11.8.0.202306131047/tools/bin/../lib/gcc/arm-none-eabi/12.2.1/../../../../arm-none-eabi/lib/thumb/v8-m.main+fp/hard\libcr_c.a(ceil.o)
                              ./drivers/fsl_casper.o (ceil)
c:/nxp/mcuxpressoide_11.8.0_1165/ide/plugins/com.nxp.mcuxpresso.tools.win32_11.8.0.202306131047/tools/bin/../lib/gcc/arm-none-eabi/12.2.1/../../../../arm-none-eabi/lib/thumb/v8-m.main+fp/hard\libcr_c.a(errno.o)
                              ./utilities/fsl_str.o (errno)
c:/nxp/mcuxpressoide_11.8.0_1165/ide/plugins/com.nxp.mcuxpresso.tools.win32_11.8.0.202306131047/tools/bin/../lib/gcc/arm-none-eabi/12.2.1/../../../../arm-none-eabi/lib/thumb/v8-m.main+fp/hard\libcr_c.a(initio.o)
                              c:/nxp/mcuxpressoide_11.8.0_1165/ide/plugins/com.nxp.mcuxpresso.tools.win32_11.8.0.202306131047/tools/bin/../lib/gcc/arm-none-eabi/12.2.1/../../../../arm-none-eabi/lib/thumb/v8-m.main+fp/hard\libcr_nohost_nf.a(_cr__main.o) (_initio)
c:/nxp/mcuxpressoide_11.8.0_1165/ide/plugins/com.nxp.mcuxpresso.tools.win32_11.8.0.202306131047/tools/bin/../lib/gcc/arm-none-eabi/12.2.1/../../../../arm-none-eabi/lib/thumb/v8-m.main+fp/hard\libcr_c.a(modf.o)
                              ./utilities/fsl_str.o (modf)
c:/nxp/mcuxpressoide_11.8.0_1165/ide/plugins/com.nxp.mcuxpresso.tools.win32_11.8.0.202306131047/tools/bin/../lib/gcc/arm-none-eabi/12.2.1/../../../../arm-none-eabi/lib/thumb/v8-m.main+fp/hard\libcr_c.a(pow.o)
                              ./utilities/fsl_str.o (pow)
c:/nxp/mcuxpressoide_11.8.0_1165/ide/plugins/com.nxp.mcuxpresso.tools.win32_11.8.0.202306131047/tools/bin/../lib/gcc/arm-none-eabi/12.2.1/../../../../arm-none-eabi/lib/thumb/v8-m.main+fp/hard\libcr_c.a(scanf.o)
                              ./utilities/fsl_str.o (strtoul)
c:/nxp/mcuxpressoide_11.8.0_1165/ide/plugins/com.nxp.mcuxpresso.tools.win32_11.8.0.202306131047/tools/bin/../lib/gcc/arm-none-eabi/12.2.1/../../../../arm-none-eabi/lib/thumb/v8-m.main+fp/hard\libcr_c.a(setvbuf.o)
                              c:/nxp/mcuxpressoide_11.8.0_1165/ide/plugins/com.nxp.mcuxpresso.tools.win32_11.8.0.202306131047/tools/bin/../lib/gcc/arm-none-eabi/12.2.1/../../../../arm-none-eabi/lib/thumb/v8-m.main+fp/hard\libcr_c.a(initio.o) (setvbuf)
c:/nxp/mcuxpressoide_11.8.0_1165/ide/plugins/com.nxp.mcuxpresso.tools.win32_11.8.0.202306131047/tools/bin/../lib/gcc/arm-none-eabi/12.2.1/../../../../arm-none-eabi/lib/thumb/v8-m.main+fp/hard\libcr_c.a(strlen.o)
                              ./utilities/fsl_str.o (strlen)
c:/nxp/mcuxpressoide_11.8.0_1165/ide/plugins/com.nxp.mcuxpresso.tools.win32_11.8.0.202306131047/tools/bin/../lib/gcc/arm-none-eabi/12.2.1/../../../../arm-none-eabi/lib/thumb/v8-m.main+fp/hard\libcr_c.a(ungetc.o)
                              c:/nxp/mcuxpressoide_11.8.0_1165/ide/plugins/com.nxp.mcuxpresso.tools.win32_11.8.0.202306131047/tools/bin/../lib/gcc/arm-none-eabi/12.2.1/../../../../arm-none-eabi/lib/thumb/v8-m.main+fp/hard\libcr_c.a(scanf.o) (ungetc)
c:/nxp/mcuxpressoide_11.8.0_1165/ide/plugins/com.nxp.mcuxpresso.tools.win32_11.8.0.202306131047/tools/bin/../lib/gcc/arm-none-eabi/12.2.1/../../../../arm-none-eabi/lib/thumb/v8-m.main+fp/hard\libcr_c.a(__fillbuf.o)
                              c:/nxp/mcuxpressoide_11.8.0_1165/ide/plugins/com.nxp.mcuxpresso.tools.win32_11.8.0.202306131047/tools/bin/../lib/gcc/arm-none-eabi/12.2.1/../../../../arm-none-eabi/lib/thumb/v8-m.main+fp/hard\libcr_c.a(scanf.o) (__filbuf)
c:/nxp/mcuxpressoide_11.8.0_1165/ide/plugins/com.nxp.mcuxpresso.tools.win32_11.8.0.202306131047/tools/bin/../lib/gcc/arm-none-eabi/12.2.1/../../../../arm-none-eabi/lib/thumb/v8-m.main+fp/hard\libcr_c.a(__init_alloc.o)
[...]
Memory Configuration

Name             Origin             Length             Attributes
PROGRAM_FLASH    0x00000000         0x0003d000         xr
SRAM             0x20000000         0x00010000         xrw
USB_RAM          0x20010000         0x00004000         xrw
SRAMX            0x04000000         0x00004000         xrw
*default*        0x00000000         0xffffffff

Linker script and memory map

LOAD ./utilities/fsl_assert.o
LOAD ./utilities/fsl_debug_console.o
LOAD ./utilities/fsl_str.o
LOAD ./startup/startup_lpc55s16.o
LOAD ./source/amoses_core_functions.o
LOAD ./source/amoses_initial_husk.o
LOAD ./source/amoses_track_and_balance.o
LOAD ./source/semihost_hardfault.o
LOAD ./freertos/freertos-kernel/portable/MemMang/heap_4.o
LOAD ./freertos/freertos-kernel/portable/GCC/ARM_CM33_NTZ/non_secure/port.o
LOAD ./freertos/freertos-kernel/portable/GCC/ARM_CM33_NTZ/non_secure/portasm.o
LOAD ./freertos/freertos-kernel/croutine.o
LOAD ./freertos/freertos-kernel/event_groups.o
LOAD ./freertos/freertos-kernel/list.o
LOAD ./freertos/freertos-kernel/queue.o
LOAD ./freertos/freertos-kernel/stream_buffer.o
LOAD ./freertos/freertos-kernel/tasks.o
LOAD ./freertos/freertos-kernel/timers.o
LOAD ./drivers/freertos/fsl_i2c_freertos.o
LOAD ./drivers/freertos/fsl_spi_freertos.o
LOAD ./drivers/freertos/fsl_usart_freertos.o
LOAD ./drivers/fsl_anactrl.o
LOAD ./drivers/fsl_casper.o
LOAD ./drivers/fsl_cdog.o
LOAD ./drivers/fsl_clock.o
LOAD ./drivers/fsl_cmp.o
LOAD ./drivers/fsl_common.o
LOAD ./drivers/fsl_common_arm.o
LOAD ./drivers/fsl_crc.o
LOAD ./drivers/fsl_ctimer.o
LOAD ./drivers/fsl_dma.o
LOAD ./drivers/fsl_flexcomm.o
LOAD ./drivers/fsl_gint.o
LOAD ./drivers/fsl_gpio.o
LOAD ./drivers/fsl_hashcrypt.o
LOAD ./drivers/fsl_i2c.o
LOAD ./drivers/fsl_i2c_cmsis.o
LOAD ./drivers/fsl_i2c_dma.o
LOAD ./drivers/fsl_i2s.o
LOAD ./drivers/fsl_i2s_dma.o
LOAD ./drivers/fsl_iap.o
LOAD ./drivers/fsl_inputmux.o
LOAD ./drivers/fsl_lpadc.o
LOAD ./drivers/fsl_mcan.o
LOAD ./drivers/fsl_mrt.o
LOAD ./drivers/fsl_ostimer.o
LOAD ./drivers/fsl_pint.o
LOAD ./drivers/fsl_plu.o
LOAD ./drivers/fsl_power.o
LOAD ./drivers/fsl_prince.o
LOAD ./drivers/fsl_puf.o
LOAD ./drivers/fsl_reset.o
LOAD ./drivers/fsl_rng.o
LOAD ./drivers/fsl_rtc.o
LOAD ./drivers/fsl_sctimer.o
LOAD ./drivers/fsl_spi.o
LOAD ./drivers/fsl_spi_cmsis.o
LOAD ./drivers/fsl_spi_dma.o
LOAD ./drivers/fsl_sysctl.o
LOAD ./drivers/fsl_usart.o
LOAD ./drivers/fsl_usart_cmsis.o
LOAD ./drivers/fsl_usart_dma.o
LOAD ./drivers/fsl_utick.o
LOAD ./drivers/fsl_wwdt.o
LOAD ./device/system_LPC55S16.o
LOAD ./component/uart/fsl_adapter_usart.o
LOAD ./component/serial_manager/fsl_component_serial_manager.o
LOAD ./component/serial_manager/fsl_component_serial_port_uart.o
LOAD ./component/lists/fsl_component_generic_list.o
LOAD ./board/board.o
LOAD ./board/clock_config.o
LOAD ./board/peripherals.o
LOAD ./board/pin_mux.o
LOAD C:\workspace\mcuxpresso\amoses_tab_2\LPC55S16\mcuxpresso\libfro_calib_hardabi.a
START GROUP
LOAD c:/nxp/mcuxpressoide_11.8.0_1165/ide/plugins/com.nxp.mcuxpresso.tools.win32_11.8.0.202306131047/tools/bin/../lib/gcc/arm-none-eabi/12.2.1/../../../../arm-none-eabi/lib/thumb/v8-m.main+fp/hard\libcr_nohost_nf.a
LOAD c:/nxp/mcuxpressoide_11.8.0_1165/ide/plugins/com.nxp.mcuxpresso.tools.win32_11.8.0.202306131047/tools/bin/../lib/gcc/arm-none-eabi/12.2.1/../../../../arm-none-eabi/lib/thumb/v8-m.main+fp/hard\libcr_c.a
LOAD c:/nxp/mcuxpressoide_11.8.0_1165/ide/plugins/com.nxp.mcuxpresso.tools.win32_11.8.0.202306131047/tools/bin/../lib/gcc/arm-none-eabi/12.2.1/thumb/v8-m.main+fp/hard\libcr_eabihelpers.a
LOAD c:/nxp/mcuxpressoide_11.8.0_1165/ide/plugins/com.nxp.mcuxpresso.tools.win32_11.8.0.202306131047/tools/bin/../lib/gcc/arm-none-eabi/12.2.1/thumb/v8-m.main+fp/hard\libgcc.a
END GROUP
                0x00000000                __base_PROGRAM_FLASH = 0x0
                0x00000000                __base_Flash = 0x0
                0x0003d000                __top_PROGRAM_FLASH = 0x3d000
                0x0003d000                __top_Flash = 0x3d000
                0x20000000                __base_SRAM = 0x20000000
                0x20000000                __base_RAM = 0x20000000
                0x20010000                __top_SRAM = 0x20010000
                0x20010000                __top_RAM = 0x20010000
                0x20010000                __base_USB_RAM = 0x20010000
                0x20010000                __base_RAM2 = 0x20010000
                0x20014000                __top_USB_RAM = 0x20014000
                0x20014000                __top_RAM2 = 0x20014000
                0x04000000                __base_SRAMX = 0x4000000
                0x04000000                __base_RAM3 = 0x4000000
                0x04004000                __top_SRAMX = 0x4004000
                0x04004000                __top_RAM3 = 0x4004000

.text           0x00000000     0x553c
 FILL mask 0xff
                0x00000000                __vectors_start__ = ABSOLUTE (.)
 *(SORT_BY_ALIGNMENT(.isr_vector))
 .isr_vector    0x00000000      0x134 ./startup/startup_lpc55s16.o
                0x00000000                g_pfnVectors
                0x00000000                __Vectors
                0x00000134                . = ALIGN (0x4)
                0x00000134                __section_table_start = .
                0x00000134                __data_section_table = .
                0x00000134        0x4 LONG 0x553c LOADADDR (.data)
                0x00000138        0x4 LONG 0x20000000 ADDR (.data)
                0x0000013c        0x4 LONG 0x38 SIZEOF (.data)
                0x00000140        0x4 LONG 0x553c LOADADDR (.data_RAM2)
                0x00000144        0x4 LONG 0x20010000 ADDR (.data_RAM2)
                0x00000148        0x4 LONG 0x0 SIZEOF (.data_RAM2)
                0x0000014c        0x4 LONG 0x553c LOADADDR (.data_RAM3)
                0x00000150        0x4 LONG 0x4000000 ADDR (.data_RAM3)
                0x00000154        0x4 LONG 0x0 SIZEOF (.data_RAM3)
                0x00000158                __data_section_table_end = .
                0x00000158                __bss_section_table = .
                0x00000158        0x4 LONG 0x20000038 ADDR (.bss)
                0x0000015c        0x4 LONG 0x3cf4 SIZEOF (.bss)
                0x00000160        0x4 LONG 0x20010000 ADDR (.bss_RAM2)
                0x00000164        0x4 LONG 0x0 SIZEOF (.bss_RAM2)
                0x00000168        0x4 LONG 0x4000000 ADDR (.bss_RAM3)
                0x0000016c        0x4 LONG 0x0 SIZEOF (.bss_RAM3)
                0x00000170                __bss_section_table_end = .
                0x00000170                __section_table_end = .
 *(SORT_BY_ALIGNMENT(.after_vectors*))
 .after_vectors.reset
                0x00000170       0x64 ./startup/startup_lpc55s16.o
                0x00000170                ResetISR
 .after_vectors
                0x000001d4       0x16 ./startup/startup_lpc55s16.o
                0x000001d4                NMI_Handler
                0x000001d8                MemManage_Handler
                0x000001da                BusFault_Handler
                0x000001dc                UsageFault_Handler
                0x000001de                SecureFault_Handler
                0x000001e2                DebugMon_Handler
                0x000001e8                Reserved56_DriverIRQHandler
                0x000001e8                Reserved73_DriverIRQHandler
                0x000001e8                IntDefaultHandler
                0x000001e8                USB0_DriverIRQHandler
                0x000001e8                CASER_DriverIRQHandler
                0x000001e8                MRT0_DriverIRQHandler
                0x000001e8                Reserved41_DriverIRQHandler
                0x000001e8                Reserved47_DriverIRQHandler
                0x000001e8                Reserved55_DriverIRQHandler
                0x000001e8                SEC_VIO_DriverIRQHandler
                0x000001e8                Reserved42_DriverIRQHandler
                0x000001e8                Reserved61_DriverIRQHandler
                0x000001e8                PUF_DriverIRQHandler
                0x000001e8                RTC_DriverIRQHandler
                0x000001e8                Reserved39_DriverIRQHandler
                0x000001e8                CDOG_DriverIRQHandler
                0x000001e8                USB1_DriverIRQHandler
                0x000001e8                ADC0_DriverIRQHandler
                0x000001e8                USB1_NEEDCLK_DriverIRQHandler
                0x000001e8                USB1_PHY_DriverIRQHandler
                0x000001e8                ACMP_DriverIRQHandler
                0x000001e8                Reserved58_DriverIRQHandler
                0x000001e8                Reserved57_DriverIRQHandler
                0x000001e8                USB0_NEEDCLK_DriverIRQHandler
                0x000001e8                Reserved46_DriverIRQHandler
                0x000001e8                WDT_BOD_DriverIRQHandler
                0x000001e8                PLU_DriverIRQHandler
                0x000001e8                SEC_HYPERVISOR_CALL_DriverIRQHandler
 .after_vectors.init_data
                0x000001ea       0x12 ./startup/startup_lpc55s16.o
                0x000001ea                data_init
 .after_vectors.init_bss
                0x000001fc       0x10 ./startup/startup_lpc55s16.o
                0x000001fc                bss_init
 *(SORT_BY_ALIGNMENT(.text*))
 *fill*         0x0000020c        0x4 ff
 .text.vRestoreContextOfFirstTask
                0x00000210       0x34 ./freertos/freertos-kernel/portable/GCC/ARM_CM33_NTZ/non_secure/portasm.o
                0x00000210                vRestoreContextOfFirstTask
 *fill*         0x00000244        0xc ff
 .text.vStartFirstTask
                0x00000250       0x24 ./freertos/freertos-kernel/portable/GCC/ARM_CM33_NTZ/non_secure/portasm.o
                0x00000250                vStartFirstTask
 *fill*         0x00000274        0xc ff
 .text.PendSV_Handler
                0x00000280       0x54 ./freertos/freertos-kernel/portable/GCC/ARM_CM33_NTZ/non_secure/portasm.o
                0x00000280                PendSV_Handler
 *fill*         0x000002d4        0xc ff
 .text.SVC_Handler
                0x000002e0       0x24 ./freertos/freertos-kernel/portable/GCC/ARM_CM33_NTZ/non_secure/portasm.o
                0x000002e0                SVC_Handler
 *fill*         0x00000304        0x4 ff
 .text.StrFormatPrintf
                0x00000308      0x364 ./utilities/fsl_str.o
                0x00000308                StrFormatPrintf
 *fill*         0x0000066c        0x4 ff
 .text.data_processing_task
                0x00000670      0x1a4 ./source/amoses_core_functions.o
                0x00000670                data_processing_task
 *fill*         0x00000814        0x4 ff
 .text.pow      0x00000818      0x55c c:/nxp/mcuxpressoide_11.8.0_1165/ide/plugins/com.nxp.mcuxpresso.tools.win32_11.8.0.202306131047/tools/bin/../lib/gcc/arm-none-eabi/12.2.1/../../../../arm-none-eabi/lib/thumb/v8-m.main+fp/hard\libcr_c.a(pow.o)
                0x00000818                pow
 *fill*         0x00000d74        0x4 ff
 .text.frexp    0x00000d78       0x70 c:/nxp/mcuxpressoide_11.8.0_1165/ide/plugins/com.nxp.mcuxpresso.tools.win32_11.8.0.202306131047/tools/bin/../lib/gcc/arm-none-eabi/12.2.1/../../../../arm-none-eabi/lib/thumb/v8-m.main+fp/hard\libcr_c.a(frexp.o)
                0x00000d78                frexp
 .text.ldexp    0x00000de8       0x5c c:/nxp/mcuxpressoide_11.8.0_1165/ide/plugins/com.nxp.mcuxpresso.tools.win32_11.8.0.202306131047/tools/bin/../lib/gcc/arm-none-eabi/12.2.1/../../../../arm-none-eabi/lib/thumb/v8-m.main+fp/hard\libcr_c.a(ldexp.o)
                0x00000de8                ldexp
 .text.DbgConsole_SendDataReliable
                0x00000e44       0x30 ./utilities/fsl_debug_console.o
                0x00000e44                DbgConsole_SendDataReliable
 .text.DbgConsole_Init
                0x00000e74       0x90 ./utilities/fsl_debug_console.o
                0x00000e74                DbgConsole_Init
 .text.DbgConsole_Vprintf
                0x00000f04       0x3c ./utilities/fsl_debug_console.o
                0x00000f04                DbgConsole_Vprintf
 .text.strobe_task
                0x00000f40       0x30 ./source/amoses_core_functions.o
                0x00000f40                strobe_task
 .text.tach_led_task
                0x00000f70       0x30 ./source/amoses_core_functions.o
                0x00000f70                tach_led_task
 .text.startup.main
                0x00000fa0       0xcc ./source/amoses_initial_husk.o
                0x00000fa0                main
 .text.adc_trigger_callback
                0x0000106c       0x90 ./source/amoses_track_and_balance.o
                0x0000106c                adc_trigger_callback
 .text.strobe_callback
                0x000010fc       0x24 ./source/amoses_track_and_balance.o
                0x000010fc                strobe_callback
 .text.tach_callback
                0x00001120       0xc4 ./source/amoses_track_and_balance.o
                0x00001120                tach_callback
 .text.init_adc
                0x000011e4       0xbc ./source/amoses_track_and_balance.o
                0x000011e4                init_adc
 .text.init_gpio
                0x000012a0       0x94 ./source/amoses_track_and_balance.o
                0x000012a0                init_gpio
 .text.init_tach_pinint
                0x00001334       0x40 ./source/amoses_track_and_balance.o
                0x00001334                init_tach_pinint
 .text.init_rpm_timer
                0x00001374       0x7c ./source/amoses_track_and_balance.o
                0x00001374                init_rpm_timer
 .text.prvInsertBlockIntoFreeList
                0x000013f0       0x50 ./freertos/freertos-kernel/portable/MemMang/heap_4.o
 .text.pvPortMalloc
                0x00001440      0x10c ./freertos/freertos-kernel/portable/MemMang/heap_4.o
                0x00001440                pvPortMalloc
 .text.vPortFree
                0x0000154c       0x5c ./freertos/freertos-kernel/portable/MemMang/heap_4.o
                0x0000154c                vPortFree
 .text.prvTaskExitError
                0x000015a8       0x28 ./freertos/freertos-kernel/portable/GCC/ARM_CM33_NTZ/non_secure/port.o
 .text.vPortSetupTimerInterrupt
                0x000015d0       0x24 ./freertos/freertos-kernel/portable/GCC/ARM_CM33_NTZ/non_secure/port.o
                0x000015d0                vPortSetupTimerInterrupt
 .text.vPortEnterCritical
                0x000015f4       0x1c ./freertos/freertos-kernel/portable/GCC/ARM_CM33_NTZ/non_secure/port.o
                0x000015f4                vPortEnterCritical
 .text.vPortExitCritical
                0x00001610       0x28 ./freertos/freertos-kernel/portable/GCC/ARM_CM33_NTZ/non_secure/port.o
                0x00001610                vPortExitCritical
 .text.pxPortInitialiseStack
                0x00001638       0x70 ./freertos/freertos-kernel/portable/GCC/ARM_CM33_NTZ/non_secure/port.o
                0x00001638                pxPortInitialiseStack
 .text.xPortStartScheduler
                0x000016a8       0x3c ./freertos/freertos-kernel/portable/GCC/ARM_CM33_NTZ/non_secure/port.o
                0x000016a8                xPortStartScheduler
 .text.vQueueAddToRegistry
                0x000016e4       0x44 ./freertos/freertos-kernel/queue.o
                0x000016e4                vQueueAddToRegistry
 .text.prvAddCurrentTaskToDelayedList
                0x00001728       0x88 ./freertos/freertos-kernel/tasks.o
 .text.prvResetNextTaskUnblockTime
                0x000017b0       0x24 ./freertos/freertos-kernel/tasks.o
 .text.prvIdleTask
                0x000017d4       0x58 ./freertos/freertos-kernel/tasks.o
 .text.xTaskCreate
                0x0000182c      0x1b4 ./freertos/freertos-kernel/tasks.o
                0x0000182c                xTaskCreate
 .text.vTaskStartScheduler
                0x000019e0       0x6c ./freertos/freertos-kernel/tasks.o
                0x000019e0                vTaskStartScheduler
 .text.vTaskSuspendAll
                0x00001a4c       0x10 ./freertos/freertos-kernel/tasks.o
                0x00001a4c                vTaskSuspendAll
 .text.xTaskGetTickCount
                0x00001a5c        0xc ./freertos/freertos-kernel/tasks.o
                0x00001a5c                xTaskGetTickCount
 .text.xTaskIncrementTick
                0x00001a68      0x148 ./freertos/freertos-kernel/tasks.o
                0x00001a68                xTaskIncrementTick
 .text.xTaskResumeAll
                0x00001bb0      0x11c ./freertos/freertos-kernel/tasks.o
                0x00001bb0                xTaskResumeAll
 .text.vTaskDelay
                0x00001ccc       0x30 ./freertos/freertos-kernel/tasks.o
                0x00001ccc                vTaskDelay
 .text.vTaskSwitchContext
                0x00001cfc       0x6c ./freertos/freertos-kernel/tasks.o
                0x00001cfc                vTaskSwitchContext
 .text.vTaskPlaceOnEventList
                0x00001d68       0x28 ./freertos/freertos-kernel/tasks.o
                0x00001d68                vTaskPlaceOnEventList
 .text.vTaskPlaceOnEventListRestricted
                0x00001d90       0x50 ./freertos/freertos-kernel/tasks.o
                0x00001d90                vTaskPlaceOnEventListRestricted
 .text.xTaskRemoveFromEventList
                0x00001de0       0xbc ./freertos/freertos-kernel/tasks.o
                0x00001de0                xTaskRemoveFromEventList
 .text.vTaskInternalSetTimeOutState
                0x00001e9c       0x18 ./freertos/freertos-kernel/tasks.o
                0x00001e9c                vTaskInternalSetTimeOutState
 .text.xTaskCheckForTimeOut
                0x00001eb4       0x60 ./freertos/freertos-kernel/tasks.o
                0x00001eb4                xTaskCheckForTimeOut
 .text.vTaskMissedYield
                0x00001f14        0xc ./freertos/freertos-kernel/tasks.o
                0x00001f14                vTaskMissedYield
 .text.xTaskGetSchedulerState
                0x00001f20       0x20 ./freertos/freertos-kernel/tasks.o
                0x00001f20                xTaskGetSchedulerState
 .text.xTaskGenericNotifyWait
                0x00001f40       0x88 ./freertos/freertos-kernel/tasks.o
                0x00001f40                xTaskGenericNotifyWait
 .text.xTaskGenericNotifyFromISR
                0x00001fc8      0x12c ./freertos/freertos-kernel/tasks.o
                0x00001fc8                xTaskGenericNotifyFromISR
 .text.prvInsertTimerInActiveList
                0x000020f4       0x3c ./freertos/freertos-kernel/timers.o
 .text.prvProcessExpiredTimer
                0x00002130       0x40 ./freertos/freertos-kernel/timers.o
 .text.prvSampleTimeNow
                0x00002170       0x4c ./freertos/freertos-kernel/timers.o
 .text.prvTimerTask
                0x000021bc      0x158 ./freertos/freertos-kernel/timers.o
 .text.prvCheckForValidListAndQueue
                0x00002314       0x58 ./freertos/freertos-kernel/timers.o
 .text.xTimerCreateTimerTask
                0x0000236c       0x40 ./freertos/freertos-kernel/timers.o
                0x0000236c                xTimerCreateTimerTask
 .text.CLOCK_AttachClk
                0x000023ac       0x6c ./drivers/fsl_clock.o
                0x000023ac                CLOCK_AttachClk
 .text.CLOCK_SetupFROClocking
                0x00002418       0x68 ./drivers/fsl_clock.o
                0x00002418                CLOCK_SetupFROClocking
 .text.CLOCK_SetFLASHAccessCyclesForFreq
                0x00002480       0x90 ./drivers/fsl_clock.o
                0x00002480                CLOCK_SetFLASHAccessCyclesForFreq
 .text.CLOCK_SetupExtClocking
                0x00002510       0x40 ./drivers/fsl_clock.o
                0x00002510                CLOCK_SetupExtClocking
 .text.CLOCK_GetFro1MFreq
                0x00002550       0x18 ./drivers/fsl_clock.o
                0x00002550                CLOCK_GetFro1MFreq
 .text.CLOCK_GetExtClkFreq
                0x00002568       0x18 ./drivers/fsl_clock.o
                0x00002568                CLOCK_GetExtClkFreq
 .text.CLOCK_GetOsc32KFreq
                0x00002580       0x34 ./drivers/fsl_clock.o
                0x00002580                CLOCK_GetOsc32KFreq
 .text.CLOCK_GetPLL0InClockRate
                0x000025b4       0x30 ./drivers/fsl_clock.o
                0x000025b4                CLOCK_GetPLL0InClockRate
 .text.CLOCK_SetPLL0Freq
                0x000025e4       0xdc ./drivers/fsl_clock.o
                0x000025e4                CLOCK_SetPLL0Freq
 .text.SDK_DelayAtLeastUs
                0x000026c0       0x20 ./drivers/fsl_common_arm.o
                0x000026c0                SDK_DelayAtLeastUs
 .text.CTIMER_GetInstance
                0x000026e0       0x40 ./drivers/fsl_ctimer.o
 .text.CTIMER_GenericIRQHandler
                0x00002720       0x5c ./drivers/fsl_ctimer.o
 .text.EnableIRQ.isra.0
                0x0000277c       0x1c ./drivers/fsl_ctimer.o
 .text.CTIMER_Init
                0x00002798       0x50 ./drivers/fsl_ctimer.o
                0x00002798                CTIMER_Init
 .text.CTIMER_SetupMatch
                0x000027e8       0x84 ./drivers/fsl_ctimer.o
                0x000027e8                CTIMER_SetupMatch
 .text.CTIMER_RegisterCallBack
                0x0000286c       0x1c ./drivers/fsl_ctimer.o
                0x0000286c                CTIMER_RegisterCallBack
 .text.DMA_GetInstance
                0x00002888       0x1c ./drivers/fsl_dma.o
 .text.DMA_IRQHandle
                0x000028a4       0xcc ./drivers/fsl_dma.o
                0x000028a4                DMA_IRQHandle
 .text.DMA0_DriverIRQHandler
                0x00002970        0xc ./drivers/fsl_dma.o
                0x00002970                DMA0_DriverIRQHandler
 .text.DMA1_DriverIRQHandler
                0x0000297c        0xc ./drivers/fsl_dma.o
                0x0000297c                DMA1_DriverIRQHandler
 .text.FLEXCOMM_GetInstance
                0x00002988       0x1c ./drivers/fsl_flexcomm.o
                0x00002988                FLEXCOMM_GetInstance
 .text.FLEXCOMM_Init
                0x000029a4       0x7c ./drivers/fsl_flexcomm.o
                0x000029a4                FLEXCOMM_Init
 .text.FLEXCOMM0_DriverIRQHandler
                0x00002a20       0x30 ./drivers/fsl_flexcomm.o
                0x00002a20                FLEXCOMM0_DriverIRQHandler
 .text.FLEXCOMM1_DriverIRQHandler
                0x00002a50       0x30 ./drivers/fsl_flexcomm.o
                0x00002a50                FLEXCOMM1_DriverIRQHandler
 .text.FLEXCOMM2_DriverIRQHandler
                0x00002a80       0x30 ./drivers/fsl_flexcomm.o
                0x00002a80                FLEXCOMM2_DriverIRQHandler
 .text.FLEXCOMM3_DriverIRQHandler
                0x00002ab0       0x30 ./drivers/fsl_flexcomm.o
                0x00002ab0                FLEXCOMM3_DriverIRQHandler
 .text.FLEXCOMM4_DriverIRQHandler
                0x00002ae0       0x30 ./drivers/fsl_flexcomm.o
                0x00002ae0                FLEXCOMM4_DriverIRQHandler
 .text.FLEXCOMM5_DriverIRQHandler
                0x00002b10       0x30 ./drivers/fsl_flexcomm.o
                0x00002b10                FLEXCOMM5_DriverIRQHandler
 .text.FLEXCOMM6_DriverIRQHandler
                0x00002b40       0x30 ./drivers/fsl_flexcomm.o
                0x00002b40                FLEXCOMM6_DriverIRQHandler
 .text.FLEXCOMM7_DriverIRQHandler
                0x00002b70       0x30 ./drivers/fsl_flexcomm.o
                0x00002b70                FLEXCOMM7_DriverIRQHandler
 .text.FLEXCOMM8_DriverIRQHandler
                0x00002ba0       0x30 ./drivers/fsl_flexcomm.o
                0x00002ba0                FLEXCOMM8_DriverIRQHandler
 .text.GINT_GetInstance
                0x00002bd0       0x1c ./drivers/fsl_gint.o
 .text.GINT_Init
                0x00002bec       0x44 ./drivers/fsl_gint.o
                0x00002bec                GINT_Init
 .text.GINT_SetCtrl
                0x00002c30       0x28 ./drivers/fsl_gint.o
                0x00002c30                GINT_SetCtrl
 .text.GINT_EnableCallback
                0x00002c58       0x38 ./drivers/fsl_gint.o
                0x00002c58                GINT_EnableCallback
 .text.GINT0_DriverIRQHandler
                0x00002c90       0x1c ./drivers/fsl_gint.o
                0x00002c90                GINT0_DriverIRQHandler
 .text.GINT1_DriverIRQHandler
                0x00002cac       0x1c ./drivers/fsl_gint.o
                0x00002cac                GINT1_DriverIRQHandler
 .text.GPIO_PinInit
                0x00002cc8       0x5c ./drivers/fsl_gpio.o
                0x00002cc8                GPIO_PinInit
 .text.HASHCRYPT_DriverIRQHandler
                0x00002d24       0x58 ./drivers/fsl_hashcrypt.o
                0x00002d24                HASHCRYPT_DriverIRQHandler
 .text.LPADC_FinishAutoCalibration
                0x00002d7c       0x5c ./drivers/fsl_lpadc.o
                0x00002d7c                LPADC_FinishAutoCalibration
 .text.CAN0_IRQ0_DriverIRQHandler
                0x00002dd8       0x18 ./drivers/fsl_mcan.o
                0x00002dd8                CAN0_IRQ0_DriverIRQHandler
 .text.OS_EVENT_DriverIRQHandler
                0x00002df0       0x18 ./drivers/fsl_ostimer.o
                0x00002df0                OS_EVENT_DriverIRQHandler
 .text.SEC_GPIO_INT0_IRQ0_DriverIRQHandler
                0x00002e08       0x30 ./drivers/fsl_pint.o
                0x00002e08                SEC_GPIO_INT0_IRQ0_DriverIRQHandler
 .text.SEC_GPIO_INT0_IRQ1_DriverIRQHandler
                0x00002e38       0x30 ./drivers/fsl_pint.o
                0x00002e38                SEC_GPIO_INT0_IRQ1_DriverIRQHandler
 .text.PIN_INT0_DriverIRQHandler
                0x00002e68       0x30 ./drivers/fsl_pint.o
                0x00002e68                PIN_INT0_DriverIRQHandler
 .text.PIN_INT1_DriverIRQHandler
                0x00002e98       0x30 ./drivers/fsl_pint.o
                0x00002e98                PIN_INT1_DriverIRQHandler
 .text.PIN_INT2_DriverIRQHandler
                0x00002ec8       0x30 ./drivers/fsl_pint.o
                0x00002ec8                PIN_INT2_DriverIRQHandler
 .text.PIN_INT3_DriverIRQHandler
                0x00002ef8       0x30 ./drivers/fsl_pint.o
                0x00002ef8                PIN_INT3_DriverIRQHandler
 .text.PIN_INT4_DriverIRQHandler
                0x00002f28       0x30 ./drivers/fsl_pint.o
                0x00002f28                PIN_INT4_DriverIRQHandler
 .text.PIN_INT5_DriverIRQHandler
                0x00002f58       0x30 ./drivers/fsl_pint.o
                0x00002f58                PIN_INT5_DriverIRQHandler
 .text.PIN_INT6_DriverIRQHandler
                0x00002f88       0x30 ./drivers/fsl_pint.o
                0x00002f88                PIN_INT6_DriverIRQHandler
 .text.PIN_INT7_DriverIRQHandler
                0x00002fb8       0x30 ./drivers/fsl_pint.o
                0x00002fb8                PIN_INT7_DriverIRQHandler
 .text.lowpower_set_system_voltage
                0x00002fe8       0xa0 ./drivers/fsl_power.o
 .text.lowpower_set_voltage_for_process
                0x00003088       0x90 ./drivers/fsl_power.o
 .text.POWER_SetVoltageForFreq
                0x00003118       0x70 ./drivers/fsl_power.o
                0x00003118                POWER_SetVoltageForFreq
 .text.POWER_SetBodVbatLevel
                0x00003188       0x40 ./drivers/fsl_power.o
                0x00003188                POWER_SetBodVbatLevel
 .text.SCT0_DriverIRQHandler
                0x000031c8       0x10 ./drivers/fsl_sctimer.o
                0x000031c8                SCT0_DriverIRQHandler
 .text.UTICK0_DriverIRQHandler
                0x000031d8       0x18 ./drivers/fsl_utick.o
                0x000031d8                UTICK0_DriverIRQHandler
 .text.SystemInit
                0x000031f0       0x80 ./device/system_LPC55S16.o
                0x000031f0                SystemInit
 .text.HAL_UartInit
                0x00003270       0x80 ./component/uart/fsl_adapter_usart.o
                0x00003270                HAL_UartInit
 .text.HAL_UartSendBlocking
                0x000032f0       0x18 ./component/uart/fsl_adapter_usart.o
                0x000032f0                HAL_UartSendBlocking
 .text.BOARD_InitDebugConsole
                0x00003308       0x2c ./board/board.o
                0x00003308                BOARD_InitDebugConsole
 .text.BOARD_BootClockPLL150M
                0x00003334       0xcc ./board/clock_config.o
                0x00003334                BOARD_BootClockPLL150M
 .text.BOARD_InitDEBUG_UARTPins
                0x00003400       0xe4 ./board/pin_mux.o
                0x00003400                BOARD_InitDEBUG_UARTPins
 .text._initio  0x000034e4       0x78 c:/nxp/mcuxpressoide_11.8.0_1165/ide/plugins/com.nxp.mcuxpresso.tools.win32_11.8.0.202306131047/tools/bin/../lib/gcc/arm-none-eabi/12.2.1/../../../../arm-none-eabi/lib/thumb/v8-m.main+fp/hard\libcr_c.a(initio.o)
                0x000034e4                _initio
 .text.modf     0x0000355c       0x94 c:/nxp/mcuxpressoide_11.8.0_1165/ide/plugins/com.nxp.mcuxpresso.tools.win32_11.8.0.202306131047/tools/bin/../lib/gcc/arm-none-eabi/12.2.1/../../../../arm-none-eabi/lib/thumb/v8-m.main+fp/hard\libcr_c.a(modf.o)
                0x0000355c                modf
 .text._Cwritebuf
                0x000035f0       0x6c c:/nxp/mcuxpressoide_11.8.0_1165/ide/plugins/com.nxp.mcuxpresso.tools.win32_11.8.0.202306131047/tools/bin/../lib/gcc/arm-none-eabi/12.2.1/../../../../arm-none-eabi/lib/thumb/v8-m.main+fp/hard\libcr_c.a(_writebuf.o)
                0x000035f0                _Cwritebuf
 .text.fflush   0x0000365c       0x3c c:/nxp/mcuxpressoide_11.8.0_1165/ide/plugins/com.nxp.mcuxpresso.tools.win32_11.8.0.202306131047/tools/bin/../lib/gcc/arm-none-eabi/12.2.1/../../../../arm-none-eabi/lib/thumb/v8-m.main+fp/hard\libcr_c.a(fflush.o)
                0x0000365c                fflush
 .text.fseek    0x00003698       0xf8 c:/nxp/mcuxpressoide_11.8.0_1165/ide/plugins/com.nxp.mcuxpresso.tools.win32_11.8.0.202306131047/tools/bin/../lib/gcc/arm-none-eabi/12.2.1/../../../../arm-none-eabi/lib/thumb/v8-m.main+fp/hard\libcr_c.a(fseek.o)
                0x00003698                fseek
 .text.ftell    0x00003790       0x44 c:/nxp/mcuxpressoide_11.8.0_1165/ide/plugins/com.nxp.mcuxpresso.tools.win32_11.8.0.202306131047/tools/bin/../lib/gcc/arm-none-eabi/12.2.1/../../../../arm-none-eabi/lib/thumb/v8-m.main+fp/hard\libcr_c.a(ftell.o)
                0x00003790                ftell
 .text.__aeabi_dmul
                0x000037d4       0xfc c:/nxp/mcuxpressoide_11.8.0_1165/ide/plugins/com.nxp.mcuxpresso.tools.win32_11.8.0.202306131047/tools/bin/../lib/gcc/arm-none-eabi/12.2.1/thumb/v8-m.main+fp/hard\libcr_eabihelpers.a(double.o)
                0x000037d4                __aeabi_dmul
 .text.__aeabi_ddiv
                0x000038d0      0x130 c:/nxp/mcuxpressoide_11.8.0_1165/ide/plugins/com.nxp.mcuxpresso.tools.win32_11.8.0.202306131047/tools/bin/../lib/gcc/arm-none-eabi/12.2.1/thumb/v8-m.main+fp/hard\libcr_eabihelpers.a(double.o)
                0x000038d0                __aeabi_ddiv
 .text.__aeabi_dsub
                0x00003a00      0x1b4 c:/nxp/mcuxpressoide_11.8.0_1165/ide/plugins/com.nxp.mcuxpresso.tools.win32_11.8.0.202306131047/tools/bin/../lib/gcc/arm-none-eabi/12.2.1/thumb/v8-m.main+fp/hard\libcr_eabihelpers.a(double.o)
                0x00003a00                __aeabi_dsub
 .text.__aeabi_dadd
                0x00003bb4      0x13c c:/nxp/mcuxpressoide_11.8.0_1165/ide/plugins/com.nxp.mcuxpresso.tools.win32_11.8.0.202306131047/tools/bin/../lib/gcc/arm-none-eabi/12.2.1/thumb/v8-m.main+fp/hard\libcr_eabihelpers.a(double.o)
                0x00003bb4                __aeabi_dadd
 .text.__aeabi_d2f
                0x00003cf0       0x58 c:/nxp/mcuxpressoide_11.8.0_1165/ide/plugins/com.nxp.mcuxpresso.tools.win32_11.8.0.202306131047/tools/bin/../lib/gcc/arm-none-eabi/12.2.1/thumb/v8-m.main+fp/hard\libcr_eabihelpers.a(double.o)
                0x00003cf0                __aeabi_d2f
 .text.__aeabi_f2d
                0x00003d48       0x38 c:/nxp/mcuxpressoide_11.8.0_1165/ide/plugins/com.nxp.mcuxpresso.tools.win32_11.8.0.202306131047/tools/bin/../lib/gcc/arm-none-eabi/12.2.1/thumb/v8-m.main+fp/hard\libcr_eabihelpers.a(float.o)
                0x00003d48                __aeabi_f2d
 .text.DbgConsole_PrintCallback
                0x00003d80       0x3a ./utilities/fsl_debug_console.o
 .text.DbgConsole_Printf
                0x00003dba       0x1a ./utilities/fsl_debug_console.o
                0x00003dba                DbgConsole_Printf
 .text.__sys_write
                0x00003dd4       0x1e ./utilities/fsl_debug_console.o
                0x00003dd4                __sys_write
 .text.ConvertRadixNumToString.constprop.0
                0x00003df2       0x3e ./utilities/fsl_str.o
 .text.PrintOutputdifFobpu.constprop.0
                0x00003e30       0x28 ./utilities/fsl_str.o
 .text.WDT_BOD_IRQHandler
                0x00003e58        0x8 ./startup/startup_lpc55s16.o
                0x00003e58                WDT_BOD_IRQHandler
 .text.DMA0_IRQHandler
                0x00003e60        0x8 ./startup/startup_lpc55s16.o
                0x00003e60                DMA0_IRQHandler
 .text.GINT0_IRQHandler
                0x00003e68        0x8 ./startup/startup_lpc55s16.o
                0x00003e68                GINT0_IRQHandler
 .text.GINT1_IRQHandler
                0x00003e70        0x8 ./startup/startup_lpc55s16.o
                0x00003e70                GINT1_IRQHandler
 .text.PIN_INT0_IRQHandler
                0x00003e78        0x8 ./startup/startup_lpc55s16.o
                0x00003e78                PIN_INT0_IRQHandler
 .text.PIN_INT1_IRQHandler
                0x00003e80        0x8 ./startup/startup_lpc55s16.o
                0x00003e80                PIN_INT1_IRQHandler
 .text.PIN_INT2_IRQHandler
                0x00003e88        0x8 ./startup/startup_lpc55s16.o
                0x00003e88                PIN_INT2_IRQHandler
 .text.PIN_INT3_IRQHandler
                0x00003e90        0x8 ./startup/startup_lpc55s16.o
                0x00003e90                PIN_INT3_IRQHandler
 .text.UTICK0_IRQHandler
                0x00003e98        0x8 ./startup/startup_lpc55s16.o
                0x00003e98                UTICK0_IRQHandler
 .text.MRT0_IRQHandler
                0x00003ea0        0x8 ./startup/startup_lpc55s16.o
                0x00003ea0                MRT0_IRQHandler
 .text.CTIMER0_IRQHandler
                0x00003ea8        0x8 ./startup/startup_lpc55s16.o
                0x00003ea8                CTIMER0_IRQHandler
 .text.CTIMER1_IRQHandler
                0x00003eb0        0x8 ./startup/startup_lpc55s16.o
                0x00003eb0                CTIMER1_IRQHandler
 .text.SCT0_IRQHandler
                0x00003eb8        0x8 ./startup/startup_lpc55s16.o
                0x00003eb8                SCT0_IRQHandler
 .text.CTIMER3_IRQHandler
                0x00003ec0        0x8 ./startup/startup_lpc55s16.o
                0x00003ec0                CTIMER3_IRQHandler
 .text.FLEXCOMM0_IRQHandler
                0x00003ec8        0x8 ./startup/startup_lpc55s16.o
                0x00003ec8                FLEXCOMM0_IRQHandler
 .text.FLEXCOMM1_IRQHandler
                0x00003ed0        0x8 ./startup/startup_lpc55s16.o
                0x00003ed0                FLEXCOMM1_IRQHandler
 .text.FLEXCOMM2_IRQHandler
                0x00003ed8        0x8 ./startup/startup_lpc55s16.o
                0x00003ed8                FLEXCOMM2_IRQHandler
 .text.FLEXCOMM3_IRQHandler
                0x00003ee0        0x8 ./startup/startup_lpc55s16.o
                0x00003ee0                FLEXCOMM3_IRQHandler
 .text.FLEXCOMM4_IRQHandler
                0x00003ee8        0x8 ./startup/startup_lpc55s16.o
                0x00003ee8                FLEXCOMM4_IRQHandler
 .text.FLEXCOMM5_IRQHandler
                0x00003ef0        0x8 ./startup/startup_lpc55s16.o
                0x00003ef0                FLEXCOMM5_IRQHandler
 .text.FLEXCOMM6_IRQHandler
                0x00003ef8        0x8 ./startup/startup_lpc55s16.o
                0x00003ef8                FLEXCOMM6_IRQHandler
 .text.FLEXCOMM7_IRQHandler
                0x00003f00        0x8 ./startup/startup_lpc55s16.o
                0x00003f00                FLEXCOMM7_IRQHandler
 .text.ADC0_IRQHandler
                0x00003f08        0x8 ./startup/startup_lpc55s16.o
                0x00003f08                ADC0_IRQHandler
 .text.Reserved39_IRQHandler
                0x00003f10        0x8 ./startup/startup_lpc55s16.o
                0x00003f10                Reserved39_IRQHandler
 .text.ACMP_IRQHandler
                0x00003f18        0x8 ./startup/startup_lpc55s16.o
                0x00003f18                ACMP_IRQHandler
 .text.Reserved41_IRQHandler
                0x00003f20        0x8 ./startup/startup_lpc55s16.o
                0x00003f20                Reserved41_IRQHandler
 .text.Reserved42_IRQHandler
                0x00003f28        0x8 ./startup/startup_lpc55s16.o
                0x00003f28                Reserved42_IRQHandler
 .text.USB0_NEEDCLK_IRQHandler
                0x00003f30        0x8 ./startup/startup_lpc55s16.o
                0x00003f30                USB0_NEEDCLK_IRQHandler
 .text.USB0_IRQHandler
                0x00003f38        0x8 ./startup/startup_lpc55s16.o
                0x00003f38                USB0_IRQHandler
 .text.RTC_IRQHandler
                0x00003f40        0x8 ./startup/startup_lpc55s16.o
                0x00003f40                RTC_IRQHandler
 .text.Reserved46_IRQHandler
                0x00003f48        0x8 ./startup/startup_lpc55s16.o
                0x00003f48                Reserved46_IRQHandler
 .text.Reserved47_IRQHandler
                0x00003f50        0x8 ./startup/startup_lpc55s16.o
                0x00003f50                Reserved47_IRQHandler
 .text.PIN_INT4_IRQHandler
                0x00003f58        0x8 ./startup/startup_lpc55s16.o
                0x00003f58                PIN_INT4_IRQHandler
 .text.PIN_INT5_IRQHandler
                0x00003f60        0x8 ./startup/startup_lpc55s16.o
                0x00003f60                PIN_INT5_IRQHandler
 .text.PIN_INT6_IRQHandler
                0x00003f68        0x8 ./startup/startup_lpc55s16.o
                0x00003f68                PIN_INT6_IRQHandler
 .text.PIN_INT7_IRQHandler
                0x00003f70        0x8 ./startup/startup_lpc55s16.o
                0x00003f70                PIN_INT7_IRQHandler
 .text.CTIMER2_IRQHandler
                0x00003f78        0x8 ./startup/startup_lpc55s16.o
                0x00003f78                CTIMER2_IRQHandler
 .text.CTIMER4_IRQHandler
                0x00003f80        0x8 ./startup/startup_lpc55s16.o
                0x00003f80                CTIMER4_IRQHandler
 .text.OS_EVENT_IRQHandler
                0x00003f88        0x8 ./startup/startup_lpc55s16.o
                0x00003f88                OS_EVENT_IRQHandler
 .text.Reserved55_IRQHandler
                0x00003f90        0x8 ./startup/startup_lpc55s16.o
                0x00003f90                Reserved55_IRQHandler
 .text.Reserved56_IRQHandler
                0x00003f98        0x8 ./startup/startup_lpc55s16.o
                0x00003f98                Reserved56_IRQHandler
 .text.Reserved57_IRQHandler
                0x00003fa0        0x8 ./startup/startup_lpc55s16.o
                0x00003fa0                Reserved57_IRQHandler
 .text.Reserved58_IRQHandler
                0x00003fa8        0x8 ./startup/startup_lpc55s16.o
                0x00003fa8                Reserved58_IRQHandler
 .text.CAN0_IRQ0_IRQHandler
                0x00003fb0        0x8 ./startup/startup_lpc55s16.o
                0x00003fb0                CAN0_IRQ0_IRQHandler
 .text.CAN0_IRQ1_IRQHandler
                0x00003fb8        0x8 ./startup/startup_lpc55s16.o
                0x00003fb8                CAN0_IRQ1_IRQHandler
 .text.Reserved61_IRQHandler
                0x00003fc0        0x8 ./startup/startup_lpc55s16.o
                0x00003fc0                Reserved61_IRQHandler
 .text.USB1_PHY_IRQHandler
                0x00003fc8        0x8 ./startup/startup_lpc55s16.o
                0x00003fc8                USB1_PHY_IRQHandler
 .text.USB1_IRQHandler
                0x00003fd0        0x8 ./startup/startup_lpc55s16.o
                0x00003fd0                USB1_IRQHandler
 .text.USB1_NEEDCLK_IRQHandler
                0x00003fd8        0x8 ./startup/startup_lpc55s16.o
                0x00003fd8                USB1_NEEDCLK_IRQHandler
 .text.SEC_HYPERVISOR_CALL_IRQHandler
                0x00003fe0        0x8 ./startup/startup_lpc55s16.o
                0x00003fe0                SEC_HYPERVISOR_CALL_IRQHandler
 .text.SEC_GPIO_INT0_IRQ0_IRQHandler
                0x00003fe8        0x8 ./startup/startup_lpc55s16.o
                0x00003fe8                SEC_GPIO_INT0_IRQ0_IRQHandler
 .text.SEC_GPIO_INT0_IRQ1_IRQHandler
                0x00003ff0        0x8 ./startup/startup_lpc55s16.o
                0x00003ff0                SEC_GPIO_INT0_IRQ1_IRQHandler
 .text.PLU_IRQHandler
                0x00003ff8        0x8 ./startup/startup_lpc55s16.o
                0x00003ff8                PLU_IRQHandler
 .text.SEC_VIO_IRQHandler
                0x00004000        0x8 ./startup/startup_lpc55s16.o
                0x00004000                SEC_VIO_IRQHandler
 .text.HASHCRYPT_IRQHandler
                0x00004008        0x8 ./startup/startup_lpc55s16.o
                0x00004008                HASHCRYPT_IRQHandler
 .text.CASER_IRQHandler
                0x00004010        0x8 ./startup/startup_lpc55s16.o
                0x00004010                CASER_IRQHandler
 .text.PUF_IRQHandler
                0x00004018        0x8 ./startup/startup_lpc55s16.o
                0x00004018                PUF_IRQHandler
 .text.Reserved73_IRQHandler
                0x00004020        0x8 ./startup/startup_lpc55s16.o
                0x00004020                Reserved73_IRQHandler
 .text.DMA1_IRQHandler
                0x00004028        0x8 ./startup/startup_lpc55s16.o
                0x00004028                DMA1_IRQHandler
 .text.FLEXCOMM8_IRQHandler
                0x00004030        0x8 ./startup/startup_lpc55s16.o
                0x00004030                FLEXCOMM8_IRQHandler
 .text.CDOG_IRQHandler
                0x00004038        0x8 ./startup/startup_lpc55s16.o
                0x00004038                CDOG_IRQHandler
 .text.HardFault_Handler
                0x00004040       0x34 ./source/semihost_hardfault.o
                0x00004040                HardFault_Handler
 .text.vPortYield
                0x00004074       0x16 ./freertos/freertos-kernel/portable/GCC/ARM_CM33_NTZ/non_secure/port.o
                0x00004074                vPortYield
 .text.SysTick_Handler
                0x0000408a       0x24 ./freertos/freertos-kernel/portable/GCC/ARM_CM33_NTZ/non_secure/port.o
                0x0000408a                SysTick_Handler
 .text.vPortSVCHandler_C
                0x000040ae       0x1a ./freertos/freertos-kernel/portable/GCC/ARM_CM33_NTZ/non_secure/port.o
                0x000040ae                vPortSVCHandler_C
 .text.ulSetInterruptMask
                0x000040c8       0x16 ./freertos/freertos-kernel/portable/GCC/ARM_CM33_NTZ/non_secure/portasm.o
                0x000040c8                ulSetInterruptMask
 .text.vClearInterruptMask
                0x000040de        0xe ./freertos/freertos-kernel/portable/GCC/ARM_CM33_NTZ/non_secure/portasm.o
                0x000040de                vClearInterruptMask
 .text.vListInitialise
                0x000040ec       0x16 ./freertos/freertos-kernel/list.o
                0x000040ec                vListInitialise
 .text.vListInitialiseItem
                0x00004102        0x6 ./freertos/freertos-kernel/list.o
                0x00004102                vListInitialiseItem
 .text.vListInsert
                0x00004108       0x2e ./freertos/freertos-kernel/list.o
                0x00004108                vListInsert
 .text.uxListRemove
                0x00004136       0x20 ./freertos/freertos-kernel/list.o
                0x00004136                uxListRemove
 .text.prvIsQueueEmpty
                0x00004156       0x16 ./freertos/freertos-kernel/queue.o
 .text.prvCopyDataFromQueue
                0x0000416c       0x2c ./freertos/freertos-kernel/queue.o
 .text.prvUnlockQueue
                0x00004198       0x70 ./freertos/freertos-kernel/queue.o
 .text.xQueueGenericReset
                0x00004208       0x72 ./freertos/freertos-kernel/queue.o
                0x00004208                xQueueGenericReset
 .text.xQueueGenericCreate
                0x0000427a       0x48 ./freertos/freertos-kernel/queue.o
                0x0000427a                xQueueGenericCreate
 .text.xQueueReceive
                0x000042c2       0xfa ./freertos/freertos-kernel/queue.o
                0x000042c2                xQueueReceive
 .text.vQueueWaitForMessageRestricted
                0x000043bc       0x46 ./freertos/freertos-kernel/queue.o
                0x000043bc                vQueueWaitForMessageRestricted
 .text.prvReloadTimer
                0x00004402       0x26 ./freertos/freertos-kernel/timers.o
 .text.ANACTRL_Init
                0x00004428        0xe ./drivers/fsl_anactrl.o
                0x00004428                ANACTRL_Init
 .text.findPll0PreDiv
                0x00004436       0x1e ./drivers/fsl_clock.o
 .text.CLOCK_SetClkDiv
                0x00004454       0x34 ./drivers/fsl_clock.o
                0x00004454                CLOCK_SetClkDiv
 .text.CTIMER0_DriverIRQHandler
                0x00004488        0x6 ./drivers/fsl_ctimer.o
                0x00004488                CTIMER0_DriverIRQHandler
 .text.CTIMER1_DriverIRQHandler
                0x0000448e        0x6 ./drivers/fsl_ctimer.o
                0x0000448e                CTIMER1_DriverIRQHandler
 .text.CTIMER2_DriverIRQHandler
                0x00004494        0x6 ./drivers/fsl_ctimer.o
                0x00004494                CTIMER2_DriverIRQHandler
 .text.CTIMER3_DriverIRQHandler
                0x0000449a        0x6 ./drivers/fsl_ctimer.o
                0x0000449a                CTIMER3_DriverIRQHandler
 .text.CTIMER4_DriverIRQHandler
                0x000044a0        0x6 ./drivers/fsl_ctimer.o
                0x000044a0                CTIMER4_DriverIRQHandler
 .text.GINT_ConfigPins
                0x000044a6        0xa ./drivers/fsl_gint.o
                0x000044a6                GINT_ConfigPins
 .text.hashcrypt_save_running_hash
                0x000044b0       0x38 ./drivers/fsl_hashcrypt.o
 .text.INPUTMUX_AttachSignal
                0x000044e8        0xe ./drivers/fsl_inputmux.o
                0x000044e8                INPUTMUX_AttachSignal
 .text.LPADC_Init
                0x000044f6       0xb4 ./drivers/fsl_lpadc.o
                0x000044f6                LPADC_Init
 .text.LPADC_GetDefaultConfig
                0x000045aa       0x22 ./drivers/fsl_lpadc.o
                0x000045aa                LPADC_GetDefaultConfig
 .text.LPADC_GetConvResult
                0x000045cc       0x22 ./drivers/fsl_lpadc.o
                0x000045cc                LPADC_GetConvResult
 .text.LPADC_SetConvTriggerConfig
                0x000045ee       0x42 ./drivers/fsl_lpadc.o
                0x000045ee                LPADC_SetConvTriggerConfig
 .text.LPADC_GetDefaultConvTriggerConfig
                0x00004630       0x1a ./drivers/fsl_lpadc.o
                0x00004630                LPADC_GetDefaultConvTriggerConfig
 .text.LPADC_SetConvCommandConfig
                0x0000464a       0x7a ./drivers/fsl_lpadc.o
                0x0000464a                LPADC_SetConvCommandConfig
 .text.LPADC_GetDefaultConvCommandConfig
                0x000046c4       0x24 ./drivers/fsl_lpadc.o
                0x000046c4                LPADC_GetDefaultConvCommandConfig
 .text.LPADC_DoOffsetCalibration
                0x000046e8       0x10 ./drivers/fsl_lpadc.o
                0x000046e8                LPADC_DoOffsetCalibration
 .text.LPADC_DoAutoCalibration
                0x000046f8        0xc ./drivers/fsl_lpadc.o
                0x000046f8                LPADC_DoAutoCalibration
 .text.CAN0_IRQ1_DriverIRQHandler
                0x00004704        0x4 ./drivers/fsl_mcan.o
                0x00004704                CAN0_IRQ1_DriverIRQHandler
 .text.PINT_PatternMatchResetDetectLogic
                0x00004708        0xe ./drivers/fsl_pint.o
                0x00004708                PINT_PatternMatchResetDetectLogic
 .text.PINT_PinInterruptClrStatus
                0x00004716       0x16 ./drivers/fsl_pint.o
                0x00004716                PINT_PinInterruptClrStatus
 .text.RESET_SetPeripheralReset
                0x0000472c       0x1c ./drivers/fsl_reset.o
                0x0000472c                RESET_SetPeripheralReset
 .text.RESET_ClearPeripheralReset
                0x00004748       0x1e ./drivers/fsl_reset.o
                0x00004748                RESET_ClearPeripheralReset
 .text.RESET_PeripheralReset
                0x00004766        0xe ./drivers/fsl_reset.o
                0x00004766                RESET_PeripheralReset
 .text.USART_GetDefaultConfig
                0x00004774       0x22 ./drivers/fsl_usart.o
                0x00004774                USART_GetDefaultConfig
 .text.USART_SetBaudRate
                0x00004796       0xb6 ./drivers/fsl_usart.o
                0x00004796                USART_SetBaudRate
 .text.USART_Init
                0x0000484c      0x134 ./drivers/fsl_usart.o
                0x0000484c                USART_Init
 .text.USART_WriteBlocking
                0x00004980       0x32 ./drivers/fsl_usart.o
                0x00004980                USART_WriteBlocking
 .text.SystemInitHook
                0x000049b2        0x2 ./device/system_LPC55S16.o
                0x000049b2                SystemInitHook
 .text.SerialManager_Init
                0x000049b4       0x2a ./component/serial_manager/fsl_component_serial_manager.o
                0x000049b4                SerialManager_Init
 .text.SerialManager_OpenWriteHandle
                0x000049de       0x26 ./component/serial_manager/fsl_component_serial_manager.o
                0x000049de                SerialManager_OpenWriteHandle
 .text.SerialManager_OpenReadHandle
                0x00004a04       0x2c ./component/serial_manager/fsl_component_serial_manager.o
                0x00004a04                SerialManager_OpenReadHandle
 .text.SerialManager_WriteBlocking
                0x00004a30       0x14 ./component/serial_manager/fsl_component_serial_manager.o
                0x00004a30                SerialManager_WriteBlocking
 .text.Serial_UartInit
                0x00004a44        0x4 ./component/serial_manager/fsl_component_serial_port_uart.o
                0x00004a44                Serial_UartInit
 .text.Serial_UartWrite
                0x00004a48        0x4 ./component/serial_manager/fsl_component_serial_port_uart.o
                0x00004a48                Serial_UartWrite
 .text.BOARD_InitBootClocks
                0x00004a4c        0x4 ./board/clock_config.o
                0x00004a4c                BOARD_InitBootClocks
 .text.BOARD_InitBootPeripherals
                0x00004a50        0x2 ./board/peripherals.o
                0x00004a50                BOARD_InitBootPeripherals
 .text.BOARD_InitBootPins
                0x00004a52        0x4 ./board/pin_mux.o
                0x00004a52                BOARD_InitBootPins
 .text.__main   0x00004a56        0xe c:/nxp/mcuxpressoide_11.8.0_1165/ide/plugins/com.nxp.mcuxpresso.tools.win32_11.8.0.202306131047/tools/bin/../lib/gcc/arm-none-eabi/12.2.1/../../../../arm-none-eabi/lib/thumb/v8-m.main+fp/hard\libcr_nohost_nf.a(_cr__main.o)
                0x00004a56                __main
 .text.memcpy   0x00004a64        0x4 c:/nxp/mcuxpressoide_11.8.0_1165/ide/plugins/com.nxp.mcuxpresso.tools.win32_11.8.0.202306131047/tools/bin/../lib/gcc/arm-none-eabi/12.2.1/../../../../arm-none-eabi/lib/thumb/v8-m.main+fp/hard\libcr_c.a(memcpy.o)
                0x00004a64                memcpy
 .text.memset   0x00004a68        0x4 c:/nxp/mcuxpressoide_11.8.0_1165/ide/plugins/com.nxp.mcuxpresso.tools.win32_11.8.0.202306131047/tools/bin/../lib/gcc/arm-none-eabi/12.2.1/../../../../arm-none-eabi/lib/thumb/v8-m.main+fp/hard\libcr_c.a(memset.o)
                0x00004a68                memset
 .text.free     0x00004a6c       0x30 c:/nxp/mcuxpressoide_11.8.0_1165/ide/plugins/com.nxp.mcuxpresso.tools.win32_11.8.0.202306131047/tools/bin/../lib/gcc/arm-none-eabi/12.2.1/../../../../arm-none-eabi/lib/thumb/v8-m.main+fp/hard\libcr_c.a(alloc.o)
                0x00004a6c                free
 .text.setvbuf  0x00004a9c       0x3e c:/nxp/mcuxpressoide_11.8.0_1165/ide/plugins/com.nxp.mcuxpresso.tools.win32_11.8.0.202306131047/tools/bin/../lib/gcc/arm-none-eabi/12.2.1/../../../../arm-none-eabi/lib/thumb/v8-m.main+fp/hard\libcr_c.a(setvbuf.o)
                0x00004a9c                setvbuf
 .text.strlen   0x00004ada       0x4e c:/nxp/mcuxpressoide_11.8.0_1165/ide/plugins/com.nxp.mcuxpresso.tools.win32_11.8.0.202306131047/tools/bin/../lib/gcc/arm-none-eabi/12.2.1/../../../../arm-none-eabi/lib/thumb/v8-m.main+fp/hard\libcr_c.a(strlen.o)
                0x00004ada                strlen
 .text._deferredlazyseek
                0x00004b28       0x40 c:/nxp/mcuxpressoide_11.8.0_1165/ide/plugins/com.nxp.mcuxpresso.tools.win32_11.8.0.202306131047/tools/bin/../lib/gcc/arm-none-eabi/12.2.1/../../../../arm-none-eabi/lib/thumb/v8-m.main+fp/hard\libcr_c.a(_deferredlazyseek.o)
                0x00004b28                _deferredlazyseek
 .text._fdopen  0x00004b68       0x68 c:/nxp/mcuxpressoide_11.8.0_1165/ide/plugins/com.nxp.mcuxpresso.tools.win32_11.8.0.202306131047/tools/bin/../lib/gcc/arm-none-eabi/12.2.1/../../../../arm-none-eabi/lib/thumb/v8-m.main+fp/hard\libcr_c.a(_fdopen.o)
                0x00004b68                _fdopen
 .text._fflush  0x00004bd0       0x52 c:/nxp/mcuxpressoide_11.8.0_1165/ide/plugins/com.nxp.mcuxpresso.tools.win32_11.8.0.202306131047/tools/bin/../lib/gcc/arm-none-eabi/12.2.1/../../../../arm-none-eabi/lib/thumb/v8-m.main+fp/hard\libcr_c.a(_fflush.o)
                0x00004bd0                _fflush
 .text.fclose   0x00004c22       0x58 c:/nxp/mcuxpressoide_11.8.0_1165/ide/plugins/com.nxp.mcuxpresso.tools.win32_11.8.0.202306131047/tools/bin/../lib/gcc/arm-none-eabi/12.2.1/../../../../arm-none-eabi/lib/thumb/v8-m.main+fp/hard\libcr_c.a(fclose.o)
                0x00004c22                fclose
 .text.remove   0x00004c7a       0x14 c:/nxp/mcuxpressoide_11.8.0_1165/ide/plugins/com.nxp.mcuxpresso.tools.win32_11.8.0.202306131047/tools/bin/../lib/gcc/arm-none-eabi/12.2.1/../../../../arm-none-eabi/lib/thumb/v8-m.main+fp/hard\libcr_c.a(remove.o)
                0x00004c7a                remove
 .text._do_fflush
                0x00004c8e       0x40 c:/nxp/mcuxpressoide_11.8.0_1165/ide/plugins/com.nxp.mcuxpresso.tools.win32_11.8.0.202306131047/tools/bin/../lib/gcc/arm-none-eabi/12.2.1/../../../../arm-none-eabi/lib/thumb/v8-m.main+fp/hard\libcr_c.a(_do_fflush.o)
                0x00004c8e                _do_fflush
 .text.__aeabi_division_uldivmod
                0x00004cce      0x174 c:/nxp/mcuxpressoide_11.8.0_1165/ide/plugins/com.nxp.mcuxpresso.tools.win32_11.8.0.202306131047/tools/bin/../lib/gcc/arm-none-eabi/12.2.1/thumb/v8-m.main+fp/hard\libcr_eabihelpers.a(division_64.o)
                0x00004cce                __aeabi_uldivmod
                0x00004cd2                __bhs_ldivmod1
 .text.__aeabi_division_idiv0
                0x00004e42        0x2 c:/nxp/mcuxpressoide_11.8.0_1165/ide/plugins/com.nxp.mcuxpresso.tools.win32_11.8.0.202306131047/tools/bin/../lib/gcc/arm-none-eabi/12.2.1/thumb/v8-m.main+fp/hard\libcr_eabihelpers.a(division_idiv0.o)
                0x00004e42                __aeabi_idiv0
 .text.__aeabi_d2iz
                0x00004e44       0x42 c:/nxp/mcuxpressoide_11.8.0_1165/ide/plugins/com.nxp.mcuxpresso.tools.win32_11.8.0.202306131047/tools/bin/../lib/gcc/arm-none-eabi/12.2.1/thumb/v8-m.main+fp/hard\libcr_eabihelpers.a(double.o)
                0x00004e44                __aeabi_d2iz
 .text.__aeabi_d2lz
                0x00004e86       0x8a c:/nxp/mcuxpressoide_11.8.0_1165/ide/plugins/com.nxp.mcuxpresso.tools.win32_11.8.0.202306131047/tools/bin/../lib/gcc/arm-none-eabi/12.2.1/thumb/v8-m.main+fp/hard\libcr_eabihelpers.a(double.o)
                0x00004e86                __aeabi_d2lz
 .text.__bhs_ui2d
                0x00004f10       0x46 c:/nxp/mcuxpressoide_11.8.0_1165/ide/plugins/com.nxp.mcuxpresso.tools.win32_11.8.0.202306131047/tools/bin/../lib/gcc/arm-none-eabi/12.2.1/thumb/v8-m.main+fp/hard\libcr_eabihelpers.a(double.o)
                0x00004f10                __bhs_ui2d
 .text.__bhs_ul2d
                0x00004f56       0x8a c:/nxp/mcuxpressoide_11.8.0_1165/ide/plugins/com.nxp.mcuxpresso.tools.win32_11.8.0.202306131047/tools/bin/../lib/gcc/arm-none-eabi/12.2.1/thumb/v8-m.main+fp/hard\libcr_eabihelpers.a(double.o)
                0x00004f56                __bhs_ul2d
 .text.__aeabi_i2d
                0x00004fe0       0x10 c:/nxp/mcuxpressoide_11.8.0_1165/ide/plugins/com.nxp.mcuxpresso.tools.win32_11.8.0.202306131047/tools/bin/../lib/gcc/arm-none-eabi/12.2.1/thumb/v8-m.main+fp/hard\libcr_eabihelpers.a(double.o)
                0x00004fe0                __aeabi_i2d
 .text.__aeabi_ui2d
                0x00004ff0        0x8 c:/nxp/mcuxpressoide_11.8.0_1165/ide/plugins/com.nxp.mcuxpresso.tools.win32_11.8.0.202306131047/tools/bin/../lib/gcc/arm-none-eabi/12.2.1/thumb/v8-m.main+fp/hard\libcr_eabihelpers.a(double.o)
                0x00004ff0                __aeabi_ui2d
 .text.__aeabi_l2d
                0x00004ff8       0x1c c:/nxp/mcuxpressoide_11.8.0_1165/ide/plugins/com.nxp.mcuxpresso.tools.win32_11.8.0.202306131047/tools/bin/../lib/gcc/arm-none-eabi/12.2.1/thumb/v8-m.main+fp/hard\libcr_eabihelpers.a(double.o)
                0x00004ff8                __aeabi_l2d
 .text.__aeabi_dcmpeq
                0x00005014       0x3e c:/nxp/mcuxpressoide_11.8.0_1165/ide/plugins/com.nxp.mcuxpresso.tools.win32_11.8.0.202306131047/tools/bin/../lib/gcc/arm-none-eabi/12.2.1/thumb/v8-m.main+fp/hard\libcr_eabihelpers.a(double.o)
                0x00005014                __aeabi_dcmpeq
 .text.__aeabi_dcmplt
                0x00005052       0x5a c:/nxp/mcuxpressoide_11.8.0_1165/ide/plugins/com.nxp.mcuxpresso.tools.win32_11.8.0.202306131047/tools/bin/../lib/gcc/arm-none-eabi/12.2.1/thumb/v8-m.main+fp/hard\libcr_eabihelpers.a(double.o)
                0x00005052                __aeabi_dcmplt
 .text.__aeabi_dcmpgt
                0x000050ac       0x56 c:/nxp/mcuxpressoide_11.8.0_1165/ide/plugins/com.nxp.mcuxpresso.tools.win32_11.8.0.202306131047/tools/bin/../lib/gcc/arm-none-eabi/12.2.1/thumb/v8-m.main+fp/hard\libcr_eabihelpers.a(double.o)
                0x000050ac                __aeabi_dcmpgt
 .text.__aeabi_dcmple
                0x00005102       0x5a c:/nxp/mcuxpressoide_11.8.0_1165/ide/plugins/com.nxp.mcuxpresso.tools.win32_11.8.0.202306131047/tools/bin/../lib/gcc/arm-none-eabi/12.2.1/thumb/v8-m.main+fp/hard\libcr_eabihelpers.a(double.o)
                0x00005102                __aeabi_dcmple
 .text.__aeabi_dcmpge
                0x0000515c       0x5a c:/nxp/mcuxpressoide_11.8.0_1165/ide/plugins/com.nxp.mcuxpresso.tools.win32_11.8.0.202306131047/tools/bin/../lib/gcc/arm-none-eabi/12.2.1/thumb/v8-m.main+fp/hard\libcr_eabihelpers.a(double.o)
                0x0000515c                __aeabi_dcmpge
 .text.__aeabi_memcpy
                0x000051b6       0x34 c:/nxp/mcuxpressoide_11.8.0_1165/ide/plugins/com.nxp.mcuxpresso.tools.win32_11.8.0.202306131047/tools/bin/../lib/gcc/arm-none-eabi/12.2.1/thumb/v8-m.main+fp/hard\libcr_eabihelpers.a(memcpy.o)
                0x000051b6                __aeabi_memcpy
                0x000051c0                __aeabi_memcpy8
                0x000051c0                __aeabi_memcpy4
 .text.__aeabi_memset_lowlevel
                0x000051ea       0x32 c:/nxp/mcuxpressoide_11.8.0_1165/ide/plugins/com.nxp.mcuxpresso.tools.win32_11.8.0.202306131047/tools/bin/../lib/gcc/arm-none-eabi/12.2.1/thumb/v8-m.main+fp/hard\libcr_eabihelpers.a(memcpy.o)
                0x000051ea                __aeabi_lowlevel_memset
 .text.__sys_close
                0x0000521c        0x6 c:/nxp/mcuxpressoide_11.8.0_1165/ide/plugins/com.nxp.mcuxpresso.tools.win32_11.8.0.202306131047/tools/bin/../lib/gcc/arm-none-eabi/12.2.1/../../../../arm-none-eabi/lib/thumb/v8-m.main+fp/hard\libcr_nohost_nf.a(__sys_close.o)
                0x0000521c                __sys_close
 .text.__sys_flen
                0x00005222        0x6 c:/nxp/mcuxpressoide_11.8.0_1165/ide/plugins/com.nxp.mcuxpresso.tools.win32_11.8.0.202306131047/tools/bin/../lib/gcc/arm-none-eabi/12.2.1/../../../../arm-none-eabi/lib/thumb/v8-m.main+fp/hard\libcr_nohost_nf.a(__sys_flen.o)
                0x00005222                __sys_flen
 .text.__sys_istty
                0x00005228        0x6 c:/nxp/mcuxpressoide_11.8.0_1165/ide/plugins/com.nxp.mcuxpresso.tools.win32_11.8.0.202306131047/tools/bin/../lib/gcc/arm-none-eabi/12.2.1/../../../../arm-none-eabi/lib/thumb/v8-m.main+fp/hard\libcr_nohost_nf.a(__sys_istty.o)
                0x00005228                __sys_istty
 .text.__sys_remove
                0x0000522e        0x6 c:/nxp/mcuxpressoide_11.8.0_1165/ide/plugins/com.nxp.mcuxpresso.tools.win32_11.8.0.202306131047/tools/bin/../lib/gcc/arm-none-eabi/12.2.1/../../../../arm-none-eabi/lib/thumb/v8-m.main+fp/hard\libcr_nohost_nf.a(__sys_remove.o)
                0x0000522e                __sys_remove
 .text.__sys_seek
                0x00005234        0x6 c:/nxp/mcuxpressoide_11.8.0_1165/ide/plugins/com.nxp.mcuxpresso.tools.win32_11.8.0.202306131047/tools/bin/../lib/gcc/arm-none-eabi/12.2.1/../../../../arm-none-eabi/lib/thumb/v8-m.main+fp/hard\libcr_nohost_nf.a(__sys_seek.o)
                0x00005234                __sys_seek
 .text.__sys_tmpnam
                0x0000523a        0x6 c:/nxp/mcuxpressoide_11.8.0_1165/ide/plugins/com.nxp.mcuxpresso.tools.win32_11.8.0.202306131047/tools/bin/../lib/gcc/arm-none-eabi/12.2.1/../../../../arm-none-eabi/lib/thumb/v8-m.main+fp/hard\libcr_nohost_nf.a(__sys_tmpnam.o)
                0x0000523a                __sys_tmpnam
 *freertos*/tasks.o(SORT_BY_ALIGNMENT(.rodata*))
 .rodata.vTaskStartScheduler.str1.1
                0x00005240        0x5 ./freertos/freertos-kernel/tasks.o
 *(SORT_BY_ALIGNMENT(.rodata) SORT_BY_ALIGNMENT(.rodata.*) SORT_BY_ALIGNMENT(.constdata) SORT_BY_ALIGNMENT(.constdata.*))
 *fill*         0x00005245        0x3 ff
 .rodata.a2.0   0x00005248       0x40 c:/nxp/mcuxpressoide_11.8.0_1165/ide/plugins/com.nxp.mcuxpresso.tools.win32_11.8.0.202306131047/tools/bin/../lib/gcc/arm-none-eabi/12.2.1/../../../../arm-none-eabi/lib/thumb/v8-m.main+fp/hard\libcr_c.a(pow.o)
 .rodata.a1.1   0x00005288       0x88 c:/nxp/mcuxpressoide_11.8.0_1165/ide/plugins/com.nxp.mcuxpresso.tools.win32_11.8.0.202306131047/tools/bin/../lib/gcc/arm-none-eabi/12.2.1/../../../../arm-none-eabi/lib/thumb/v8-m.main+fp/hard\libcr_c.a(pow.o)
 .rodata.IntervalList
                0x00005310       0x60 ./drivers/fsl_clock.o
 .rodata.s_ctimerResets
                0x00005370       0x14 ./drivers/fsl_ctimer.o
 .rodata.s_ctimerBases
                0x00005384       0x14 ./drivers/fsl_ctimer.o
 .rodata.s_flexcommResets
                0x00005398       0x24 ./drivers/fsl_flexcomm.o
 .rodata.s_flexcommBaseAddrs
                0x000053bc       0x24 ./drivers/fsl_flexcomm.o
 .rodata.s_gintResets
                0x000053e0        0x8 ./drivers/fsl_gint.o
 .rodata.s_UsartAdapterBase
                0x000053e8       0x20 ./component/uart/fsl_adapter_usart.o
 .rodata.__num_Ciob_streams
                0x00005408        0x4 c:/nxp/mcuxpressoide_11.8.0_1165/ide/plugins/com.nxp.mcuxpresso.tools.win32_11.8.0.202306131047/tools/bin/../lib/gcc/arm-none-eabi/12.2.1/../../../../arm-none-eabi/lib/thumb/v8-m.main+fp/hard\libcr_nohost_nf.a(__ciob.o)
                0x00005408                __num_Ciob_streams
 .rodata.s_ctimerClocks
                0x0000540c        0xa ./drivers/fsl_ctimer.o
 .rodata.s_flexcommClocks
                0x00005416       0x12 ./drivers/fsl_flexcomm.o
 .rodata.s_gintClocks
                0x00005428        0x4 ./drivers/fsl_gint.o
 .rodata.s_gpioClockName
                0x0000542c        0x4 ./drivers/fsl_gpio.o
 .rodata.CSWTCH.89
                0x00005430        0xf ./utilities/fsl_str.o
 .rodata.data_processing_task.str1.1
                0x0000543f       0x29 ./source/amoses_core_functions.o
 .rodata.main.str1.1
                0x00005468       0xba ./source/amoses_initial_husk.o
 .rodata.prvCheckForValidListAndQueue.str1.1
                0x00005522        0x5 ./freertos/freertos-kernel/timers.o
 .rodata.xTimerCreateTimerTask.str1.1
                0x00005527        0x8 ./freertos/freertos-kernel/timers.o
 .rodata.s_ctimerIRQ
                0x0000552f        0x5 ./drivers/fsl_ctimer.o
 .rodata.s_gintIRQ
                0x00005534        0x2 ./drivers/fsl_gint.o
 .rodata._initio.str1.1
                0x00005536        0x4 c:/nxp/mcuxpressoide_11.8.0_1165/ide/plugins/com.nxp.mcuxpresso.tools.win32_11.8.0.202306131047/tools/bin/../lib/gcc/arm-none-eabi/12.2.1/../../../../arm-none-eabi/lib/thumb/v8-m.main+fp/hard\libcr_c.a(initio.o)
                0x0000553c                . = ALIGN (0x4)
 *fill*         0x0000553a        0x2 ff

.glue_7         0x0000553c        0x0
 .glue_7        0x0000553c        0x0 linker stubs

.glue_7t        0x0000553c        0x0
 .glue_7t       0x0000553c        0x0 linker stubs

.vfp11_veneer   0x0000553c        0x0
 .vfp11_veneer  0x0000553c        0x0 linker stubs

.v4_bx          0x0000553c        0x0
 .v4_bx         0x0000553c        0x0 linker stubs

.iplt           0x0000553c        0x0
 .iplt          0x0000553c        0x0 ./utilities/fsl_debug_console.o

.rel.dyn        0x0000553c        0x0
 .rel.iplt      0x0000553c        0x0 ./utilities/fsl_debug_console.o

.ARM.extab
 *(SORT_BY_ALIGNMENT(.ARM.extab*) SORT_BY_ALIGNMENT(.gnu.linkonce.armextab.*))

.ARM.exidx      0x0000553c        0x0
                0x0000553c                __exidx_start = .
 *(SORT_BY_ALIGNMENT(.ARM.exidx*) SORT_BY_ALIGNMENT(.gnu.linkonce.armexidx.*))
                0x0000553c                __exidx_end = .
                0x0000553c                _etext = .

.m_usb_data
 *(SORT_BY_ALIGNMENT(m_usb_global))

.data_RAM2      0x20010000        0x0 load address 0x0000553c
 FILL mask 0xff
                [!provide]                PROVIDE (__start_data_RAM2 = .)
                [!provide]                PROVIDE (__start_data_USB_RAM = .)
 *(SORT_BY_ALIGNMENT(.ramfunc.$RAM2))
 *(SORT_BY_ALIGNMENT(.ramfunc.$USB_RAM))
 *(SORT_BY_ALIGNMENT(.data.$RAM2))
 *(SORT_BY_ALIGNMENT(.data.$USB_RAM))
 *(SORT_BY_ALIGNMENT(.data.$RAM2.*))
 *(SORT_BY_ALIGNMENT(.data.$USB_RAM.*))
                0x20010000                . = ALIGN (0x4)
                [!provide]                PROVIDE (__end_data_RAM2 = .)
                [!provide]                PROVIDE (__end_data_USB_RAM = .)

.data_RAM3      0x04000000        0x0 load address 0x0000553c
 FILL mask 0xff
                [!provide]                PROVIDE (__start_data_RAM3 = .)
                [!provide]                PROVIDE (__start_data_SRAMX = .)
 *(SORT_BY_ALIGNMENT(.ramfunc.$RAM3))
 *(SORT_BY_ALIGNMENT(.ramfunc.$SRAMX))
 *(SORT_BY_ALIGNMENT(.data.$RAM3))
 *(SORT_BY_ALIGNMENT(.data.$SRAMX))
 *(SORT_BY_ALIGNMENT(.data.$RAM3.*))
 *(SORT_BY_ALIGNMENT(.data.$SRAMX.*))
                0x04000000                . = ALIGN (0x4)
                [!provide]                PROVIDE (__end_data_RAM3 = .)
                [!provide]                PROVIDE (__end_data_SRAMX = .)

.uninit_RESERVED
                0x20000000        0x0
                0x20000000                _start_uninit_RESERVED = .
 *(SORT_BY_ALIGNMENT(.bss.$RESERVED*))
                0x20000000                . = ALIGN (0x4)
                0x20000000                _end_uninit_RESERVED = .

.data           0x20000000       0x38 load address 0x0000553c
 FILL mask 0xff
                0x20000000                _data = .
                [!provide]                PROVIDE (__start_data_RAM = .)
                [!provide]                PROVIDE (__start_data_SRAM = .)
 *(SORT_BY_ALIGNMENT(vtable))
 *(SORT_BY_ALIGNMENT(.ramfunc*))
 *(SORT_BY_ALIGNMENT(CodeQuickAccess))
 *(SORT_BY_ALIGNMENT(DataQuickAccess))
 *(SORT_BY_ALIGNMENT(RamFunction))
 *(SORT_BY_ALIGNMENT(.data*))
 .data.ctimer_matches
                0x20000000       0x20 ./source/amoses_track_and_balance.o
                0x20000000                ctimer_matches
 .data.current_adc_match_value_increment
                0x20000020        0x4 ./source/amoses_track_and_balance.o
                0x20000020                current_adc_match_value_increment
 .data.rpm_timer_ticks
                0x20000024        0x4 ./source/amoses_track_and_balance.o
                0x20000024                rpm_timer_ticks
 .data.ulCriticalNesting
                0x20000028        0x4 ./freertos/freertos-kernel/portable/GCC/ARM_CM33_NTZ/non_secure/port.o
 .data.uxTopUsedPriority
                0x2000002c        0x4 ./freertos/freertos-kernel/tasks.o
                0x2000002c                uxTopUsedPriority
 .data.s_Ext_Clk_Freq
                0x20000030        0x4 ./drivers/fsl_clock.o
 .data.SystemCoreClock
                0x20000034        0x4 ./device/system_LPC55S16.o
                0x20000034                SystemCoreClock
                0x20000038                . = ALIGN (0x4)
                0x20000038                _edata = .
                [!provide]                PROVIDE (__end_data_RAM = .)
                [!provide]                PROVIDE (__end_data_SRAM = .)

.igot.plt       0x20000038        0x0 load address 0x00005574
 .igot.plt      0x20000038        0x0 ./utilities/fsl_debug_console.o

.bss_RAM2       0x20010000        0x0
                [!provide]                PROVIDE (__start_bss_RAM2 = .)
                [!provide]                PROVIDE (__start_bss_USB_RAM = .)
 *(SORT_BY_ALIGNMENT(.bss.$RAM2))
 *(SORT_BY_ALIGNMENT(.bss.$USB_RAM))
 *(SORT_BY_ALIGNMENT(.bss.$RAM2.*))
 *(SORT_BY_ALIGNMENT(.bss.$USB_RAM.*))
                0x20010000                . = ALIGN ((. != 0x0)?0x4:0x1)
                [!provide]                PROVIDE (__end_bss_RAM2 = .)
                [!provide]                PROVIDE (__end_bss_USB_RAM = .)

.bss_RAM3       0x04000000        0x0
                [!provide]                PROVIDE (__start_bss_RAM3 = .)
                [!provide]                PROVIDE (__start_bss_SRAMX = .)
 *(SORT_BY_ALIGNMENT(.bss.$RAM3))
 *(SORT_BY_ALIGNMENT(.bss.$SRAMX))
 *(SORT_BY_ALIGNMENT(.bss.$RAM3.*))
 *(SORT_BY_ALIGNMENT(.bss.$SRAMX.*))
                0x04000000                . = ALIGN ((. != 0x0)?0x4:0x1)
                [!provide]                PROVIDE (__end_bss_RAM3 = .)
                [!provide]                PROVIDE (__end_bss_SRAMX = .)

.bss            0x20000038     0x3cf4
                0x20000038                _bss = .
                [!provide]                PROVIDE (__start_bss_RAM = .)
                [!provide]                PROVIDE (__start_bss_SRAM = .)
 *(SORT_BY_ALIGNMENT(.bss*))
 .bss.g_serialHandle
                0x20000038        0x4 ./utilities/fsl_debug_console.o
                0x20000038                g_serialHandle
 .bss.s_debugConsoleState
                0x2000003c       0x20 ./utilities/fsl_debug_console.o
 .bss.strobe_task_handle
                0x2000005c        0x4 ./source/amoses_initial_husk.o
                0x2000005c                strobe_task_handle
 .bss.data_processing_task_handle
                0x20000060        0x4 ./source/amoses_initial_husk.o
                0x20000060                data_processing_task_handle
 .bss.tach_led_task_handle
                0x20000064        0x4 ./source/amoses_initial_husk.o
                0x20000064                tach_led_task_handle
 .bss.adc_result_struct
                0x20000068       0x10 ./source/amoses_track_and_balance.o
                0x20000068                adc_result_struct
 .bss.adc_matchconfig
                0x20000078        0xc ./source/amoses_track_and_balance.o
                0x20000078                adc_matchconfig
 .bss.strobe_matchconfig
                0x20000084        0xc ./source/amoses_track_and_balance.o
                0x20000084                strobe_matchconfig
 .bss.xNumberOfSuccessfulFrees
                0x20000090        0x4 ./freertos/freertos-kernel/portable/MemMang/heap_4.o
 .bss.xNumberOfSuccessfulAllocations
                0x20000094        0x4 ./freertos/freertos-kernel/portable/MemMang/heap_4.o
 .bss.xMinimumEverFreeBytesRemaining
                0x20000098        0x4 ./freertos/freertos-kernel/portable/MemMang/heap_4.o
 .bss.xFreeBytesRemaining
                0x2000009c        0x4 ./freertos/freertos-kernel/portable/MemMang/heap_4.o
 .bss.pxEnd     0x200000a0        0x4 ./freertos/freertos-kernel/portable/MemMang/heap_4.o
 .bss.xStart    0x200000a4        0x8 ./freertos/freertos-kernel/portable/MemMang/heap_4.o
 .bss.xQueueRegistry
                0x200000ac       0x40 ./freertos/freertos-kernel/queue.o
                0x200000ac                xQueueRegistry
 .bss.uxSchedulerSuspended
                0x200000ec        0x4 ./freertos/freertos-kernel/tasks.o
 .bss.xIdleTaskHandle
                0x200000f0        0x4 ./freertos/freertos-kernel/tasks.o
 .bss.xNextTaskUnblockTime
                0x200000f4        0x4 ./freertos/freertos-kernel/tasks.o
 .bss.uxTaskNumber
                0x200000f8        0x4 ./freertos/freertos-kernel/tasks.o
 .bss.xNumOfOverflows
                0x200000fc        0x4 ./freertos/freertos-kernel/tasks.o
 .bss.xYieldPending
                0x20000100        0x4 ./freertos/freertos-kernel/tasks.o
 .bss.xPendedTicks
                0x20000104        0x4 ./freertos/freertos-kernel/tasks.o
 .bss.xSchedulerRunning
                0x20000108        0x4 ./freertos/freertos-kernel/tasks.o
 .bss.uxTopReadyPriority
                0x2000010c        0x4 ./freertos/freertos-kernel/tasks.o
 .bss.xTickCount
                0x20000110        0x4 ./freertos/freertos-kernel/tasks.o
 .bss.uxCurrentNumberOfTasks
                0x20000114        0x4 ./freertos/freertos-kernel/tasks.o
 .bss.xSuspendedTaskList
                0x20000118       0x14 ./freertos/freertos-kernel/tasks.o
 .bss.uxDeletedTasksWaitingCleanUp
                0x2000012c        0x4 ./freertos/freertos-kernel/tasks.o
 .bss.xTasksWaitingTermination
                0x20000130       0x14 ./freertos/freertos-kernel/tasks.o
 .bss.xPendingReadyList
                0x20000144       0x14 ./freertos/freertos-kernel/tasks.o
 .bss.pxOverflowDelayedTaskList
                0x20000158        0x4 ./freertos/freertos-kernel/tasks.o
 .bss.pxDelayedTaskList
                0x2000015c        0x4 ./freertos/freertos-kernel/tasks.o
 .bss.xDelayedTaskList2
                0x20000160       0x14 ./freertos/freertos-kernel/tasks.o
 .bss.xDelayedTaskList1
                0x20000174       0x14 ./freertos/freertos-kernel/tasks.o
 .bss.pxReadyTasksLists
                0x20000188       0x64 ./freertos/freertos-kernel/tasks.o
 .bss.pxCurrentTCB
                0x200001ec        0x4 ./freertos/freertos-kernel/tasks.o
                0x200001ec                pxCurrentTCB
 .bss.xLastTime.0
                0x200001f0        0x4 ./freertos/freertos-kernel/timers.o
 .bss.xTimerTaskHandle
                0x200001f4        0x4 ./freertos/freertos-kernel/timers.o
 .bss.xTimerQueue
                0x200001f8        0x4 ./freertos/freertos-kernel/timers.o
 .bss.pxOverflowTimerList
                0x200001fc        0x4 ./freertos/freertos-kernel/timers.o
 .bss.pxCurrentTimerList
                0x20000200        0x4 ./freertos/freertos-kernel/timers.o
 .bss.xActiveTimerList2
                0x20000204       0x14 ./freertos/freertos-kernel/timers.o
 .bss.xActiveTimerList1
                0x20000218       0x14 ./freertos/freertos-kernel/timers.o
 .bss.s_Pll0_Freq
                0x2000022c        0x4 ./drivers/fsl_clock.o
 .bss.s_ctimerCallback
                0x20000230       0x14 ./drivers/fsl_ctimer.o
 .bss.s_DMAHandle
                0x20000244       0xb8 ./drivers/fsl_dma.o
 .bss.s_flexcommHandle
                0x200002fc       0x24 ./drivers/fsl_flexcomm.o
 .bss.s_flexcommIrqHandler
                0x20000320       0x24 ./drivers/fsl_flexcomm.o
 .bss.s_gintCallback
                0x20000344        0x8 ./drivers/fsl_gint.o
 .bss.s_ctx     0x2000034c        0x4 ./drivers/fsl_hashcrypt.o
 .bss.s_mcanIsr
                0x20000350        0x4 ./drivers/fsl_mcan.o
 .bss.s_mcanHandle
                0x20000354        0x4 ./drivers/fsl_mcan.o
 .bss.s_ostimerIsr
                0x20000358        0x4 ./drivers/fsl_ostimer.o
 .bss.s_ostimerHandle
                0x2000035c        0x4 ./drivers/fsl_ostimer.o
 .bss.s_pintCallback
                0x20000360       0x20 ./drivers/fsl_pint.o
 .bss.s_secpintCallback
                0x20000380        0x8 ./drivers/fsl_pint.o
 .bss.s_sctimerIsr
                0x20000388        0x4 ./drivers/fsl_sctimer.o
 .bss.s_utickIsr
                0x2000038c        0x4 ./drivers/fsl_utick.o
 .bss.s_utickHandle
                0x20000390        0x4 ./drivers/fsl_utick.o
 .bss.errno     0x20000394        0x4 c:/nxp/mcuxpressoide_11.8.0_1165/ide/plugins/com.nxp.mcuxpresso.tools.win32_11.8.0.202306131047/tools/bin/../lib/gcc/arm-none-eabi/12.2.1/../../../../arm-none-eabi/lib/thumb/v8-m.main+fp/hard\libcr_c.a(errno.o)
                0x20000394                errno
 .bss.__Ciob    0x20000398       0xb4 c:/nxp/mcuxpressoide_11.8.0_1165/ide/plugins/com.nxp.mcuxpresso.tools.win32_11.8.0.202306131047/tools/bin/../lib/gcc/arm-none-eabi/12.2.1/../../../../arm-none-eabi/lib/thumb/v8-m.main+fp/hard\libcr_nohost_nf.a(__ciob.o)
                0x20000398                __Ciob
 .bss.raw_adc_meaningful_buffer_length
                0x2000044c        0x4 ./source/amoses_track_and_balance.o
                0x2000044c                raw_adc_meaningful_buffer_length
 .bss.raw_adc_collection_index
                0x20000450        0x2 ./source/amoses_track_and_balance.o
                0x20000450                raw_adc_collection_index
 .bss.raw_adc_buffer
                0x20000452     0x10d0 ./source/amoses_track_and_balance.o
                0x20000452                raw_adc_buffer
 .bss.s_debugConsoleReadWaitSemaphore
                0x20001522        0x1 ./utilities/fsl_debug_console.o
 .bss.raw_adc_buffer_selector
                0x20001523        0x1 ./source/amoses_track_and_balance.o
                0x20001523                raw_adc_buffer_selector
 .bss.ucHeap    0x20001524     0x2800 ./freertos/freertos-kernel/portable/MemMang/heap_4.o
 .bss.ctimerCallbackType
                0x20003d24        0x5 ./drivers/fsl_ctimer.o
 *(SORT_BY_ALIGNMENT(COMMON))
                0x20003d2c                . = ALIGN (0x4)
 *fill*         0x20003d29        0x3 
                0x20003d2c                _ebss = .
                [!provide]                PROVIDE (__end_bss_RAM = .)
                [!provide]                PROVIDE (__end_bss_SRAM = .)
                [!provide]                PROVIDE (end = .)

.noinit_RAM2    0x20010000        0x0
                [!provide]                PROVIDE (__start_noinit_RAM2 = .)
                [!provide]                PROVIDE (__start_noinit_USB_RAM = .)
 *(SORT_BY_ALIGNMENT(.noinit.$RAM2))
 *(SORT_BY_ALIGNMENT(.noinit.$USB_RAM))
 *(SORT_BY_ALIGNMENT(.noinit.$RAM2.*))
 *(SORT_BY_ALIGNMENT(.noinit.$USB_RAM.*))
                0x20010000                . = ALIGN (0x4)
                [!provide]                PROVIDE (__end_noinit_RAM2 = .)
                [!provide]                PROVIDE (__end_noinit_USB_RAM = .)

.noinit_RAM3    0x04000000        0x0
                [!provide]                PROVIDE (__start_noinit_RAM3 = .)
                [!provide]                PROVIDE (__start_noinit_SRAMX = .)
 *(SORT_BY_ALIGNMENT(.noinit.$RAM3))
 *(SORT_BY_ALIGNMENT(.noinit.$SRAMX))
 *(SORT_BY_ALIGNMENT(.noinit.$RAM3.*))
 *(SORT_BY_ALIGNMENT(.noinit.$SRAMX.*))
                0x04000000                . = ALIGN (0x4)
                [!provide]                PROVIDE (__end_noinit_RAM3 = .)
                [!provide]                PROVIDE (__end_noinit_SRAMX = .)

.noinit         0x20003d2c        0x0
                0x20003d2c                _noinit = .
                [!provide]                PROVIDE (__start_noinit_RAM = .)
                [!provide]                PROVIDE (__start_noinit_SRAM = .)
 *(SORT_BY_ALIGNMENT(.noinit*))
                0x20003d2c                . = ALIGN (0x4)
                0x20003d2c                _end_noinit = .
                [!provide]                PROVIDE (__end_noinit_RAM = .)
                [!provide]                PROVIDE (__end_noinit_SRAM = .)
                0x00001000                _HeapSize = 0x1000

.heap           0x20003d2c     0x1000
                0x20003d2c                _pvHeapStart = .
                0x20004d2c                . = (. + _HeapSize)
 *fill*         0x20003d2c     0x1000 
                0x20004d2c                . = ALIGN (0x4)
                0x20004d2c                _pvHeapLimit = .
                0x00001000                _StackSize = 0x1000

.heap2stackfill
                0x20004d2c     0x1000
                0x20005d2c                . = (. + _StackSize)
 *fill*         0x20004d2c     0x1000 

.stack          0x2000f000        0x0
                0x2000f000                _vStackBase = .
                0x2000f000                . = ALIGN (0x4)
                0x20010000                _vStackTop = (. + _StackSize)
                [!provide]                PROVIDE (__valid_user_code_checksum = (0x0 - ((((((_vStackTop + (ResetISR + 0x1)) + (NMI_Handler + 0x1)) + (HardFault_Handler + 0x1)) + (DEFINED (MemManage_Handler)?MemManage_Handler:0x0 + 0x1)) + (DEFINED (BusFault_Handler)?BusFault_Handler:0x0 + 0x1)) + (DEFINED (UsageFault_Handler)?UsageFault_Handler:0x0 + 0x1))))
                0x00000000                _image_start = LOADADDR (.text)
                0x00005574                _image_end = (LOADADDR (.data) + SIZEOF (.data))
                0x00005574                _image_size = (_image_end - _image_start)
OUTPUT(amoses_tab_2.axf elf32-littlearm)
LOAD linker stubs

.debug_info     0x00000000    0x44f77
 .debug_info    0x00000000     0x129d ./utilities/fsl_debug_console.o
 .debug_info    0x0000129d     0x149d ./utilities/fsl_str.o
 .debug_info    0x0000273a      0x9ad ./startup/startup_lpc55s16.o
 .debug_info    0x000030e7      0xdc9 ./source/amoses_core_functions.o
 .debug_info    0x00003eb0      0x807 ./source/amoses_initial_husk.o
 .debug_info    0x000046b7     0x3780 ./source/amoses_track_and_balance.o
 .debug_info    0x00007e37       0x39 ./source/semihost_hardfault.o
 .debug_info    0x00007e70      0x5f0 ./freertos/freertos-kernel/portable/MemMang/heap_4.o
 .debug_info    0x00008460      0x396 ./freertos/freertos-kernel/portable/GCC/ARM_CM33_NTZ/non_secure/port.o
 .debug_info    0x000087f6      0x13e ./freertos/freertos-kernel/portable/GCC/ARM_CM33_NTZ/non_secure/portasm.o
 .debug_info    0x00008934      0x2ac ./freertos/freertos-kernel/list.o
 .debug_info    0x00008be0     0x2017 ./freertos/freertos-kernel/queue.o
 .debug_info    0x0000abf7     0x2eab ./freertos/freertos-kernel/tasks.o
 .debug_info    0x0000daa2     0x1436 ./freertos/freertos-kernel/timers.o
 .debug_info    0x0000eed8     0x13c2 ./drivers/fsl_anactrl.o
 .debug_info    0x0001029a     0x487d ./drivers/fsl_clock.o
 .debug_info    0x00014b17      0x58f ./drivers/fsl_common_arm.o
 .debug_info    0x000150a6     0x267b ./drivers/fsl_ctimer.o
 .debug_info    0x00017721     0x30e7 ./drivers/fsl_dma.o
 .debug_info    0x0001a808     0x1c5f ./drivers/fsl_flexcomm.o
 .debug_info    0x0001c467     0x20c8 ./drivers/fsl_gint.o
 .debug_info    0x0001e52f     0x182f ./drivers/fsl_gpio.o
 .debug_info    0x0001fd5e     0x4448 ./drivers/fsl_hashcrypt.o
 .debug_info    0x000241a6     0x1e21 ./drivers/fsl_inputmux.o
 .debug_info    0x00025fc7     0x1f0d ./drivers/fsl_lpadc.o
 .debug_info    0x00027ed4     0x45f4 ./drivers/fsl_mcan.o
 .debug_info    0x0002c4c8     0x2182 ./drivers/fsl_ostimer.o
 .debug_info    0x0002e64a     0x2acc ./drivers/fsl_pint.o
 .debug_info    0x00031116     0x3980 ./drivers/fsl_power.o
 .debug_info    0x00034a96      0xf12 ./drivers/fsl_reset.o
 .debug_info    0x000359a8     0x2639 ./drivers/fsl_sctimer.o
 .debug_info    0x00037fe1     0x1e1c ./drivers/fsl_usart.o
 .debug_info    0x00039dfd     0x1d0f ./drivers/fsl_utick.o
 .debug_info    0x0003bb0c     0x1828 ./device/system_LPC55S16.o
 .debug_info    0x0003d334      0xddf ./component/uart/fsl_adapter_usart.o
 .debug_info    0x0003e113     0x1279 ./component/serial_manager/fsl_component_serial_manager.o
 .debug_info    0x0003f38c      0x5e9 ./component/serial_manager/fsl_component_serial_port_uart.o
 .debug_info    0x0003f975      0x8a3 ./board/board.o
 .debug_info    0x00040218     0x1e56 ./board/clock_config.o
 .debug_info    0x0004206e       0x94 ./board/peripherals.o
 .debug_info    0x00042102     0x2e75 ./board/pin_mux.o

.debug_abbrev   0x00000000     0x81ea
 .debug_abbrev  0x00000000      0x3c0 ./utilities/fsl_debug_console.o
 .debug_abbrev  0x000003c0      0x3a0 ./utilities/fsl_str.o
 .debug_abbrev  0x00000760      0x179 ./startup/startup_lpc55s16.o
 .debug_abbrev  0x000008d9      0x2f5 ./source/amoses_core_functions.o
 .debug_abbrev  0x00000bce      0x184 ./source/amoses_initial_husk.o
 .debug_abbrev  0x00000d52      0x384 ./source/amoses_track_and_balance.o
 .debug_abbrev  0x000010d6       0x2d ./source/semihost_hardfault.o
 .debug_abbrev  0x00001103      0x2b2 ./freertos/freertos-kernel/portable/MemMang/heap_4.o
 .debug_abbrev  0x000013b5      0x1ab ./freertos/freertos-kernel/portable/GCC/ARM_CM33_NTZ/non_secure/port.o
 .debug_abbrev  0x00001560       0xb5 ./freertos/freertos-kernel/portable/GCC/ARM_CM33_NTZ/non_secure/portasm.o
 .debug_abbrev  0x00001615      0x10a ./freertos/freertos-kernel/list.o
 .debug_abbrev  0x0000171f      0x3eb ./freertos/freertos-kernel/queue.o
 .debug_abbrev  0x00001b0a      0x49b ./freertos/freertos-kernel/tasks.o
 .debug_abbrev  0x00001fa5      0x3c5 ./freertos/freertos-kernel/timers.o
 .debug_abbrev  0x0000236a      0x2a9 ./drivers/fsl_anactrl.o
 .debug_abbrev  0x00002613      0x5d5 ./drivers/fsl_clock.o
 .debug_abbrev  0x00002be8      0x19b ./drivers/fsl_common_arm.o
 .debug_abbrev  0x00002d83      0x4b6 ./drivers/fsl_ctimer.o
 .debug_abbrev  0x00003239      0x4ce ./drivers/fsl_dma.o
 .debug_abbrev  0x00003707      0x388 ./drivers/fsl_flexcomm.o
 .debug_abbrev  0x00003a8f      0x36c ./drivers/fsl_gint.o
 .debug_abbrev  0x00003dfb      0x2a6 ./drivers/fsl_gpio.o
 .debug_abbrev  0x000040a1      0x689 ./drivers/fsl_hashcrypt.o
 .debug_abbrev  0x0000472a      0x201 ./drivers/fsl_inputmux.o
 .debug_abbrev  0x0000492b      0x3f0 ./drivers/fsl_lpadc.o
 .debug_abbrev  0x00004d1b      0x5f3 ./drivers/fsl_mcan.o
 .debug_abbrev  0x0000530e      0x555 ./drivers/fsl_ostimer.o
 .debug_abbrev  0x00005863      0x4c6 ./drivers/fsl_pint.o
 .debug_abbrev  0x00005d29      0x45b ./drivers/fsl_power.o
 .debug_abbrev  0x00006184      0x184 ./drivers/fsl_reset.o
 .debug_abbrev  0x00006308      0x492 ./drivers/fsl_sctimer.o
 .debug_abbrev  0x0000679a      0x496 ./drivers/fsl_usart.o
 .debug_abbrev  0x00006c30      0x3b9 ./drivers/fsl_utick.o
 .debug_abbrev  0x00006fe9      0x29c ./device/system_LPC55S16.o
 .debug_abbrev  0x00007285      0x2eb ./component/uart/fsl_adapter_usart.o
 .debug_abbrev  0x00007570      0x2fe ./component/serial_manager/fsl_component_serial_manager.o
 .debug_abbrev  0x0000786e      0x1f3 ./component/serial_manager/fsl_component_serial_port_uart.o
 .debug_abbrev  0x00007a61      0x12a ./board/board.o
 .debug_abbrev  0x00007b8b      0x2a7 ./board/clock_config.o
 .debug_abbrev  0x00007e32       0x5d ./board/peripherals.o
 .debug_abbrev  0x00007e8f      0x35b ./board/pin_mux.o

.debug_loclists
                0x00000000    0x11211
 .debug_loclists
                0x00000000      0x454 ./utilities/fsl_debug_console.o
 .debug_loclists
                0x00000454      0xfc9 ./utilities/fsl_str.o
 .debug_loclists
                0x0000141d       0xe8 ./startup/startup_lpc55s16.o
 .debug_loclists
                0x00001505      0x344 ./source/amoses_core_functions.o
 .debug_loclists
                0x00001849      0x25b ./source/amoses_track_and_balance.o
 .debug_loclists
                0x00001aa4      0x3be ./freertos/freertos-kernel/portable/MemMang/heap_4.o
 .debug_loclists
                0x00001e62      0x152 ./freertos/freertos-kernel/portable/GCC/ARM_CM33_NTZ/non_secure/port.o
 .debug_loclists
                0x00001fb4       0x71 ./freertos/freertos-kernel/list.o
 .debug_loclists
                0x00002025     0x138c ./freertos/freertos-kernel/queue.o
 .debug_loclists
                0x000033b1     0x1b6a ./freertos/freertos-kernel/tasks.o
 .debug_loclists
                0x00004f1b      0x99b ./freertos/freertos-kernel/timers.o
 .debug_loclists
                0x000058b6      0x1f1 ./drivers/fsl_anactrl.o
 .debug_loclists
                0x00005aa7     0x1968 ./drivers/fsl_clock.o
 .debug_loclists
                0x0000740f       0xf2 ./drivers/fsl_common_arm.o
 .debug_loclists
                0x00007501      0x79e ./drivers/fsl_ctimer.o
 .debug_loclists
                0x00007c9f      0xf4f ./drivers/fsl_dma.o
 .debug_loclists
                0x00008bee      0x1ea ./drivers/fsl_flexcomm.o
 .debug_loclists
                0x00008dd8      0x36b ./drivers/fsl_gint.o
 .debug_loclists
                0x00009143      0x181 ./drivers/fsl_gpio.o
 .debug_loclists
                0x000092c4     0x1cb5 ./drivers/fsl_hashcrypt.o
 .debug_loclists
                0x0000af79       0x8d ./drivers/fsl_inputmux.o
 .debug_loclists
                0x0000b006      0x36e ./drivers/fsl_lpadc.o
 .debug_loclists
                0x0000b374     0x1511 ./drivers/fsl_mcan.o
 .debug_loclists
                0x0000c885      0x3d7 ./drivers/fsl_ostimer.o
 .debug_loclists
                0x0000cc5c      0x759 ./drivers/fsl_pint.o
 .debug_loclists
                0x0000d3b5     0x1372 ./drivers/fsl_power.o
 .debug_loclists
                0x0000e727       0x8a ./drivers/fsl_reset.o
 .debug_loclists
                0x0000e7b1      0x849 ./drivers/fsl_sctimer.o
 .debug_loclists
                0x0000effa      0xc92 ./drivers/fsl_usart.o
 .debug_loclists
                0x0000fc8c      0x128 ./drivers/fsl_utick.o
 .debug_loclists
                0x0000fdb4      0x2a3 ./device/system_LPC55S16.o
 .debug_loclists
                0x00010057      0x1b7 ./component/uart/fsl_adapter_usart.o
 .debug_loclists
                0x0001020e      0x6cf ./component/serial_manager/fsl_component_serial_manager.o
 .debug_loclists
                0x000108dd      0x193 ./component/serial_manager/fsl_component_serial_port_uart.o
 .debug_loclists
                0x00010a70       0xe7 ./board/clock_config.o
 .debug_loclists
                0x00010b57      0x6ba ./board/pin_mux.o

.debug_aranges  0x00000000     0x1700
 .debug_aranges
                0x00000000       0xb8 ./utilities/fsl_debug_console.o
 .debug_aranges
                0x000000b8       0x48 ./utilities/fsl_str.o
 .debug_aranges
                0x00000100      0x270 ./startup/startup_lpc55s16.o
 .debug_aranges
                0x00000370       0x30 ./source/amoses_core_functions.o
 .debug_aranges
                0x000003a0       0x20 ./source/amoses_initial_husk.o
 .debug_aranges
                0x000003c0       0x50 ./source/amoses_track_and_balance.o
 .debug_aranges
                0x00000410       0x20 ./source/semihost_hardfault.o
 .debug_aranges
                0x00000430       0x58 ./freertos/freertos-kernel/portable/MemMang/heap_4.o
 .debug_aranges
                0x00000488       0x70 ./freertos/freertos-kernel/portable/GCC/ARM_CM33_NTZ/non_secure/port.o
 .debug_aranges
                0x000004f8       0x60 ./freertos/freertos-kernel/portable/GCC/ARM_CM33_NTZ/non_secure/portasm.o
 .debug_aranges
                0x00000558       0x40 ./freertos/freertos-kernel/list.o
 .debug_aranges
                0x00000598      0x110 ./freertos/freertos-kernel/queue.o
 .debug_aranges
                0x000006a8      0x1d0 ./freertos/freertos-kernel/tasks.o
 .debug_aranges
                0x00000878       0xd0 ./freertos/freertos-kernel/timers.o
 .debug_aranges
                0x00000948       0x50 ./drivers/fsl_anactrl.o
 .debug_aranges
                0x00000998      0x1c8 ./drivers/fsl_clock.o
 .debug_aranges
                0x00000b60       0x30 ./drivers/fsl_common_arm.o
 .debug_aranges
                0x00000b90       0xa8 ./drivers/fsl_ctimer.o
 .debug_aranges
                0x00000c38       0xd8 ./drivers/fsl_dma.o
 .debug_aranges
                0x00000d10       0x78 ./drivers/fsl_flexcomm.o
 .debug_aranges
                0x00000d88       0x70 ./drivers/fsl_gint.o
 .debug_aranges
                0x00000df8       0x28 ./drivers/fsl_gpio.o
 .debug_aranges
                0x00000e20       0xf8 ./drivers/fsl_hashcrypt.o
 .debug_aranges
                0x00000f18       0x30 ./drivers/fsl_inputmux.o
 .debug_aranges
                0x00000f48       0x88 ./drivers/fsl_lpadc.o
 .debug_aranges
                0x00000fd0      0x138 ./drivers/fsl_mcan.o
 .debug_aranges
                0x00001108       0x80 ./drivers/fsl_ostimer.o
 .debug_aranges
                0x00001188       0xf0 ./drivers/fsl_pint.o
 .debug_aranges
                0x00001278       0x90 ./drivers/fsl_power.o
 .debug_aranges
                0x00001308       0x30 ./drivers/fsl_reset.o
 .debug_aranges
                0x00001338       0x88 ./drivers/fsl_sctimer.o
 .debug_aranges
                0x000013c0       0xc8 ./drivers/fsl_usart.o
 .debug_aranges
                0x00001488       0x50 ./drivers/fsl_utick.o
 .debug_aranges
                0x000014d8       0x38 ./device/system_LPC55S16.o
 .debug_aranges
                0x00001510       0x48 ./component/uart/fsl_adapter_usart.o
 .debug_aranges
                0x00001558       0x70 ./component/serial_manager/fsl_component_serial_manager.o
 .debug_aranges
                0x000015c8       0x48 ./component/serial_manager/fsl_component_serial_port_uart.o
 .debug_aranges
                0x00001610       0x20 ./board/board.o
 .debug_aranges
                0x00001630       0x48 ./board/clock_config.o
 .debug_aranges
                0x00001678       0x28 ./board/peripherals.o
 .debug_aranges
                0x000016a0       0x60 ./board/pin_mux.o

.debug_rnglists
                0x00000000     0x1ef9
 .debug_rnglists