../utilities/fsl_debug_console.c:424:10:DbgConsole_ReadOneCharacter	8	static
../utilities/fsl_debug_console.c:495:5:DbgConsole_SendData	8	static
../utilities/fsl_debug_console.c:548:5:DbgConsole_SendDataReliable	8	static
../utilities/fsl_debug_console.c:732:13:DbgConsole_PrintCallback	32	static
../utilities/fsl_debug_console.c:629:5:DbgConsole_ReadLine	24	static
../utilities/fsl_debug_console.c:695:5:DbgConsole_ReadCharacter	8	static
../utilities/fsl_debug_console.c:772:10:DbgConsole_Init	64	static
../utilities/fsl_debug_console.c:943:10:DbgConsole_EnterLowpower	8	static
../utilities/fsl_debug_console.c:954:10:DbgConsole_ExitLowpower	8	static
../utilities/fsl_debug_console.c:965:10:DbgConsole_Deinit	8	static
../utilities/fsl_debug_console.c:1008:40:DbgConsole_Flush	0	static
../utilities/fsl_debug_console.c:1060:5:DbgConsole_Vprintf	144	static
../utilities/fsl_debug_console.c:1047:5:DbgConsole_Printf	16	static
../utilities/fsl_debug_console.c:1076:5:DbgConsole_Putchar	16	static
../utilities/fsl_debug_console.c:1083:5:DbgConsole_Scanf	48	static
../utilities/fsl_debug_console.c:1115:5:DbgConsole_BlockingVprintf	144	static
../utilities/fsl_debug_console.c:1102:5:DbgConsole_BlockingPrintf	16	static
../utilities/fsl_debug_console.c:1184:5:DbgConsole_Getchar	16	static
c:\nxp\mcuxpressoide_11.8.0_1165\ide\plugins\com.nxp.mcuxpresso.tools.win32_11.8.0.202306131047\tools\redlib\include\sys\libconfig-arm.h:247:5:__sys_write	8	static
c:\nxp\mcuxpressoide_11.8.0_1165\ide\plugins\com.nxp.mcuxpresso.tools.win32_11.8.0.202306131047\tools\redlib\include\sys\libconfig-arm.h:241:5:__sys_readc	16	static
